mew0:64904:64938 [0] NCCL INFO New proxy recv connection 2 from local rank 0, transport 0
mew0:64904:64938 [0] NCCL INFO proxyProgressAsync opId=0x7fc37b28efd0 op.type=1 op.reqBuff=0x7fc320007b90 op.respSize=16 done
mew0:64904:64942 [0] NCCL INFO ncclPollProxyResponse Received new opId=0x7fc37b28efd0
mew0:64904:64937 [1] NCCL INFO Allocated shareable buffer 0x7fc3afc00000 size 6291456 ipcDesc 0x7fc330007c20
mew0:64904:64937 [1] NCCL INFO proxyProgressAsync opId=0x7fc380beb370 op.type=3 op.reqBuff=0x7fc330007bb0 op.respSize=88 done
mew0:64904:64942 [0] NCCL INFO resp.opId=0x7fc37b28efd0 matches expected opId=0x7fc37b28efd0
mew0:64904:64942 [0] NCCL INFO Connected to proxy localRank 0 -> connection 0x7fc320000e10
mew0:64904:64938 [0] NCCL INFO Received and initiated operation=Init res=0
mew0:64904:64937 [1] NCCL INFO Received and initiated operation=Setup res=0
mew0:64904:64941 [1] NCCL INFO ncclPollProxyResponse Received new opId=0x7fc380beb370
mew0:64904:64941 [1] NCCL INFO resp.opId=0x7fc380beb370 matches expected opId=0x7fc380beb370
mew0:64904:64937 [1] NCCL INFO New proxy recv connection 3 from local rank 1, transport 0
mew0:64904:64937 [1] NCCL INFO proxyProgressAsync opId=0x7fc380beb370 op.type=1 op.reqBuff=0x7fc330007bb0 op.respSize=16 done
mew0:64904:64941 [1] NCCL INFO ncclPollProxyResponse Received new opId=0x7fc380beb370
mew0:64904:64937 [1] NCCL INFO Received and initiated operation=Init res=0
mew0:64904:64941 [1] NCCL INFO resp.opId=0x7fc380beb370 matches expected opId=0x7fc380beb370
mew0:64904:64941 [1] NCCL INFO Connected to proxy localRank 1 -> connection 0x7fc330000e88
mew0:64904:64938 [0] NCCL INFO Allocated shareable buffer 0x7fc3b0200000 size 6291456 ipcDesc 0x7fc320007c20
mew0:64904:64938 [0] NCCL INFO proxyProgressAsync opId=0x7fc37b28efd0 op.type=3 op.reqBuff=0x7fc320007bb0 op.respSize=88 done
mew0:64904:64942 [0] NCCL INFO ncclPollProxyResponse Received new opId=0x7fc37b28efd0
mew0:64904:64938 [0] NCCL INFO Received and initiated operation=Setup res=0
mew0:64904:64942 [0] NCCL INFO resp.opId=0x7fc37b28efd0 matches expected opId=0x7fc37b28efd0
mew0:64904:64938 [0] NCCL INFO New proxy recv connection 3 from local rank 0, transport 0
mew0:64904:64938 [0] NCCL INFO proxyProgressAsync opId=0x7fc37b28efd0 op.type=1 op.reqBuff=0x7fc320007bb0 op.respSize=16 done
mew0:64904:64942 [0] NCCL INFO ncclPollProxyResponse Received new opId=0x7fc37b28efd0
mew0:64904:64938 [0] NCCL INFO Received and initiated operation=Init res=0
mew0:64904:64937 [1] NCCL INFO Allocated shareable buffer 0x7fc3b0800000 size 6291456 ipcDesc 0x7fc330009500
mew0:64904:64937 [1] NCCL INFO proxyProgressAsync opId=0x7fc380beb370 op.type=3 op.reqBuff=0x7fc330009490 op.respSize=88 done
mew0:64904:64942 [0] NCCL INFO resp.opId=0x7fc37b28efd0 matches expected opId=0x7fc37b28efd0
mew0:64904:64942 [0] NCCL INFO Connected to proxy localRank 0 -> connection 0x7fc320000e88
mew0:64904:64941 [1] NCCL INFO ncclPollProxyResponse Received new opId=0x7fc380beb370
mew0:64904:64937 [1] NCCL INFO Received and initiated operation=Setup res=0
mew0:64904:64941 [1] NCCL INFO resp.opId=0x7fc380beb370 matches expected opId=0x7fc380beb370
mew0:64904:64937 [1] NCCL INFO New proxy recv connection 4 from local rank 1, transport 0
mew0:64904:64937 [1] NCCL INFO proxyProgressAsync opId=0x7fc380beb370 op.type=1 op.reqBuff=0x7fc330009490 op.respSize=16 done
mew0:64904:64941 [1] NCCL INFO ncclPollProxyResponse Received new opId=0x7fc380beb370
mew0:64904:64937 [1] NCCL INFO Received and initiated operation=Init res=0
mew0:64904:64941 [1] NCCL INFO resp.opId=0x7fc380beb370 matches expected opId=0x7fc380beb370
mew0:64904:64941 [1] NCCL INFO Connected to proxy localRank 1 -> connection 0x7fc330000f00
mew0:64904:64938 [0] NCCL INFO Allocated shareable buffer 0x7fc3b0e00000 size 6291456 ipcDesc 0x7fc320009500
mew0:64904:64938 [0] NCCL INFO proxyProgressAsync opId=0x7fc37b28efd0 op.type=3 op.reqBuff=0x7fc320009490 op.respSize=88 done
mew0:64904:64942 [0] NCCL INFO ncclPollProxyResponse Received new opId=0x7fc37b28efd0
mew0:64904:64938 [0] NCCL INFO Received and initiated operation=Setup res=0
mew0:64904:64942 [0] NCCL INFO resp.opId=0x7fc37b28efd0 matches expected opId=0x7fc37b28efd0
mew0:64904:64938 [0] NCCL INFO New proxy recv connection 4 from local rank 0, transport 0
mew0:64904:64938 [0] NCCL INFO proxyProgressAsync opId=0x7fc37b28efd0 op.type=1 op.reqBuff=0x7fc320009490 op.respSize=16 done
mew0:64904:64942 [0] NCCL INFO ncclPollProxyResponse Received new opId=0x7fc37b28efd0
mew0:64904:64938 [0] NCCL INFO Received and initiated operation=Init res=0
mew0:64904:64942 [0] NCCL INFO resp.opId=0x7fc37b28efd0 matches expected opId=0x7fc37b28efd0
mew0:64904:64942 [0] NCCL INFO Connected to proxy localRank 0 -> connection 0x7fc320000f00
mew0:64904:64937 [1] NCCL INFO Allocated shareable buffer 0x7fc3b1400000 size 6291456 ipcDesc 0x7fc33000adc0
mew0:64904:64937 [1] NCCL INFO proxyProgressAsync opId=0x7fc380beb370 op.type=3 op.reqBuff=0x7fc33000ad50 op.respSize=88 done
mew0:64904:64941 [1] NCCL INFO ncclPollProxyResponse Received new opId=0x7fc380beb370
mew0:64904:64937 [1] NCCL INFO Received and initiated operation=Setup res=0
mew0:64904:64941 [1] NCCL INFO resp.opId=0x7fc380beb370 matches expected opId=0x7fc380beb370
mew0:64904:64937 [1] NCCL INFO New proxy recv connection 5 from local rank 1, transport 0
mew0:64904:64937 [1] NCCL INFO proxyProgressAsync opId=0x7fc380beb370 op.type=1 op.reqBuff=0x7fc33000ad50 op.respSize=16 done
mew0:64904:64941 [1] NCCL INFO ncclPollProxyResponse Received new opId=0x7fc380beb370
mew0:64904:64937 [1] NCCL INFO Received and initiated operation=Init res=0
mew0:64904:64941 [1] NCCL INFO resp.opId=0x7fc380beb370 matches expected opId=0x7fc380beb370
mew0:64904:64941 [1] NCCL INFO Connected to proxy localRank 1 -> connection 0x7fc330000f78
mew0:64904:64938 [0] NCCL INFO Allocated shareable buffer 0x7fc3b1a00000 size 6291456 ipcDesc 0x7fc32000adc0
mew0:64904:64938 [0] NCCL INFO proxyProgressAsync opId=0x7fc37b28efd0 op.type=3 op.reqBuff=0x7fc32000ad50 op.respSize=88 done
mew0:64904:64942 [0] NCCL INFO ncclPollProxyResponse Received new opId=0x7fc37b28efd0
mew0:64904:64938 [0] NCCL INFO Received and initiated operation=Setup res=0
mew0:64904:64942 [0] NCCL INFO resp.opId=0x7fc37b28efd0 matches expected opId=0x7fc37b28efd0
mew0:64904:64938 [0] NCCL INFO New proxy recv connection 5 from local rank 0, transport 0
mew0:64904:64938 [0] NCCL INFO proxyProgressAsync opId=0x7fc37b28efd0 op.type=1 op.reqBuff=0x7fc32000ad50 op.respSize=16 done
mew0:64904:64942 [0] NCCL INFO ncclPollProxyResponse Received new opId=0x7fc37b28efd0
mew0:64904:64938 [0] NCCL INFO Received and initiated operation=Init res=0
mew0:64904:64942 [0] NCCL INFO resp.opId=0x7fc37b28efd0 matches expected opId=0x7fc37b28efd0
mew0:64904:64942 [0] NCCL INFO Connected to proxy localRank 0 -> connection 0x7fc320000f78
mew0:64904:64937 [1] NCCL INFO Allocated shareable buffer 0x7fc3b2000000 size 6291456 ipcDesc 0x7fc33000c680
mew0:64904:64937 [1] NCCL INFO proxyProgressAsync opId=0x7fc380beb370 op.type=3 op.reqBuff=0x7fc33000c610 op.respSize=88 done
mew0:64904:64941 [1] NCCL INFO ncclPollProxyResponse Received new opId=0x7fc380beb370
mew0:64904:64937 [1] NCCL INFO Received and initiated operation=Setup res=0
mew0:64904:64941 [1] NCCL INFO resp.opId=0x7fc380beb370 matches expected opId=0x7fc380beb370
mew0:64904:64937 [1] NCCL INFO New proxy recv connection 6 from local rank 1, transport 0
mew0:64904:64937 [1] NCCL INFO proxyProgressAsync opId=0x7fc380beb370 op.type=1 op.reqBuff=0x7fc33000c610 op.respSize=16 done
mew0:64904:64941 [1] NCCL INFO ncclPollProxyResponse Received new opId=0x7fc380beb370
mew0:64904:64937 [1] NCCL INFO Received and initiated operation=Init res=0
mew0:64904:64941 [1] NCCL INFO resp.opId=0x7fc380beb370 matches expected opId=0x7fc380beb370
mew0:64904:64941 [1] NCCL INFO Connected to proxy localRank 1 -> connection 0x7fc330000ff0
mew0:64904:64938 [0] NCCL INFO Allocated shareable buffer 0x7fc3b2600000 size 6291456 ipcDesc 0x7fc32000c680
mew0:64904:64938 [0] NCCL INFO proxyProgressAsync opId=0x7fc37b28efd0 op.type=3 op.reqBuff=0x7fc32000c610 op.respSize=88 done
mew0:64904:64942 [0] NCCL INFO ncclPollProxyResponse Received new opId=0x7fc37b28efd0
mew0:64904:64938 [0] NCCL INFO Received and initiated operation=Setup res=0
mew0:64904:64942 [0] NCCL INFO resp.opId=0x7fc37b28efd0 matches expected opId=0x7fc37b28efd0
mew0:64904:64938 [0] NCCL INFO New proxy recv connection 6 from local rank 0, transport 0
mew0:64904:64938 [0] NCCL INFO proxyProgressAsync opId=0x7fc37b28efd0 op.type=1 op.reqBuff=0x7fc32000c610 op.respSize=16 done
mew0:64904:64942 [0] NCCL INFO ncclPollProxyResponse Received new opId=0x7fc37b28efd0
mew0:64904:64938 [0] NCCL INFO Received and initiated operation=Init res=0
mew0:64904:64942 [0] NCCL INFO resp.opId=0x7fc37b28efd0 matches expected opId=0x7fc37b28efd0
mew0:64904:64942 [0] NCCL INFO Connected to proxy localRank 0 -> connection 0x7fc320000ff0
mew0:64904:64937 [1] NCCL INFO Allocated shareable buffer 0x7fc3b2c00000 size 6291456 ipcDesc 0x7fc33000df40
mew0:64904:64937 [1] NCCL INFO proxyProgressAsync opId=0x7fc380beb370 op.type=3 op.reqBuff=0x7fc33000ded0 op.respSize=88 done
mew0:64904:64941 [1] NCCL INFO ncclPollProxyResponse Received new opId=0x7fc380beb370
mew0:64904:64937 [1] NCCL INFO Received and initiated operation=Setup res=0
mew0:64904:64941 [1] NCCL INFO resp.opId=0x7fc380beb370 matches expected opId=0x7fc380beb370
mew0:64904:64937 [1] NCCL INFO New proxy recv connection 7 from local rank 1, transport 0
mew0:64904:64937 [1] NCCL INFO proxyProgressAsync opId=0x7fc380beb370 op.type=1 op.reqBuff=0x7fc33000ded0 op.respSize=16 done
mew0:64904:64941 [1] NCCL INFO ncclPollProxyResponse Received new opId=0x7fc380beb370
mew0:64904:64937 [1] NCCL INFO Received and initiated operation=Init res=0
mew0:64904:64938 [0] NCCL INFO Allocated shareable buffer 0x7fc3b3200000 size 6291456 ipcDesc 0x7fc32000df40
mew0:64904:64938 [0] NCCL INFO proxyProgressAsync opId=0x7fc37b28efd0 op.type=3 op.reqBuff=0x7fc32000ded0 op.respSize=88 done
mew0:64904:64941 [1] NCCL INFO resp.opId=0x7fc380beb370 matches expected opId=0x7fc380beb370
mew0:64904:64941 [1] NCCL INFO Connected to proxy localRank 1 -> connection 0x7fc330001068
mew0:64904:64938 [0] NCCL INFO Received and initiated operation=Setup res=0
mew0:64904:64942 [0] NCCL INFO ncclPollProxyResponse Received new opId=0x7fc37b28efd0
mew0:64904:64942 [0] NCCL INFO resp.opId=0x7fc37b28efd0 matches expected opId=0x7fc37b28efd0
mew0:64904:64938 [0] NCCL INFO New proxy recv connection 7 from local rank 0, transport 0
mew0:64904:64938 [0] NCCL INFO proxyProgressAsync opId=0x7fc37b28efd0 op.type=1 op.reqBuff=0x7fc32000ded0 op.respSize=16 done
mew0:64904:64942 [0] NCCL INFO ncclPollProxyResponse Received new opId=0x7fc37b28efd0
mew0:64904:64938 [0] NCCL INFO Received and initiated operation=Init res=0
mew0:64904:64942 [0] NCCL INFO resp.opId=0x7fc37b28efd0 matches expected opId=0x7fc37b28efd0
mew0:64904:64942 [0] NCCL INFO Connected to proxy localRank 0 -> connection 0x7fc320001068
mew0:64904:64937 [1] NCCL INFO Allocated shareable buffer 0x7fc3b3800000 size 6291456 ipcDesc 0x7fc33000f7c0
mew0:64904:64937 [1] NCCL INFO proxyProgressAsync opId=0x7fc380beb370 op.type=3 op.reqBuff=0x7fc33000f790 op.respSize=88 done
mew0:64904:64941 [1] NCCL INFO ncclPollProxyResponse Received new opId=0x7fc380beb370
mew0:64904:64937 [1] NCCL INFO Received and initiated operation=Setup res=0
mew0:64904:64941 [1] NCCL INFO resp.opId=0x7fc380beb370 matches expected opId=0x7fc380beb370
mew0:64904:64938 [0] NCCL INFO Allocated shareable buffer 0x7fc3b3e00000 size 6291456 ipcDesc 0x7fc32000f7c0
mew0:64904:64938 [0] NCCL INFO proxyProgressAsync opId=0x7fc37b28efd0 op.type=3 op.reqBuff=0x7fc32000f790 op.respSize=88 done
mew0:64904:64937 [1] NCCL INFO New proxy recv connection 8 from local rank 1, transport 0
mew0:64904:64937 [1] NCCL INFO proxyProgressAsync opId=0x7fc380beb370 op.type=1 op.reqBuff=0x7fc33000f790 op.respSize=16 done
mew0:64904:64938 [0] NCCL INFO Received and initiated operation=Setup res=0
mew0:64904:64937 [1] NCCL INFO Received and initiated operation=Init res=0
mew0:64904:64941 [1] NCCL INFO ncclPollProxyResponse Received new opId=0x7fc380beb370
mew0:64904:64942 [0] NCCL INFO ncclPollProxyResponse Received new opId=0x7fc37b28efd0
mew0:64904:64941 [1] NCCL INFO resp.opId=0x7fc380beb370 matches expected opId=0x7fc380beb370
mew0:64904:64941 [1] NCCL INFO Connected to proxy localRank 1 -> connection 0x7fc3300010e0
mew0:64904:64942 [0] NCCL INFO resp.opId=0x7fc37b28efd0 matches expected opId=0x7fc37b28efd0
mew0:64904:64938 [0] NCCL INFO New proxy recv connection 8 from local rank 0, transport 0
mew0:64904:64938 [0] NCCL INFO proxyProgressAsync opId=0x7fc37b28efd0 op.type=1 op.reqBuff=0x7fc32000f790 op.respSize=16 done
mew0:64904:64942 [0] NCCL INFO ncclPollProxyResponse Received new opId=0x7fc37b28efd0
mew0:64904:64938 [0] NCCL INFO Received and initiated operation=Init res=0
mew0:64904:64942 [0] NCCL INFO resp.opId=0x7fc37b28efd0 matches expected opId=0x7fc37b28efd0
mew0:64904:64942 [0] NCCL INFO Connected to proxy localRank 0 -> connection 0x7fc3200010e0
mew0:64904:64937 [1] NCCL INFO Allocated shareable buffer 0x7fc3b4400000 size 6291456 ipcDesc 0x7fc330011040
mew0:64904:64937 [1] NCCL INFO proxyProgressAsync opId=0x7fc380beb370 op.type=3 op.reqBuff=0x7fc330011010 op.respSize=88 done
mew0:64904:64941 [1] NCCL INFO ncclPollProxyResponse Received new opId=0x7fc380beb370
mew0:64904:64937 [1] NCCL INFO Received and initiated operation=Setup res=0
mew0:64904:64941 [1] NCCL INFO resp.opId=0x7fc380beb370 matches expected opId=0x7fc380beb370
mew0:64904:64938 [0] NCCL INFO Allocated shareable buffer 0x7fc3b4a00000 size 6291456 ipcDesc 0x7fc320011040
mew0:64904:64938 [0] NCCL INFO proxyProgressAsync opId=0x7fc37b28efd0 op.type=3 op.reqBuff=0x7fc320011010 op.respSize=88 done
mew0:64904:64937 [1] NCCL INFO New proxy recv connection 9 from local rank 1, transport 0
mew0:64904:64937 [1] NCCL INFO proxyProgressAsync opId=0x7fc380beb370 op.type=1 op.reqBuff=0x7fc330011010 op.respSize=16 done
mew0:64904:64942 [0] NCCL INFO ncclPollProxyResponse Received new opId=0x7fc37b28efd0
mew0:64904:64938 [0] NCCL INFO Received and initiated operation=Setup res=0
mew0:64904:64942 [0] NCCL INFO resp.opId=0x7fc37b28efd0 matches expected opId=0x7fc37b28efd0
mew0:64904:64941 [1] NCCL INFO ncclPollProxyResponse Received new opId=0x7fc380beb370
mew0:64904:64937 [1] NCCL INFO Received and initiated operation=Init res=0
mew0:64904:64941 [1] NCCL INFO resp.opId=0x7fc380beb370 matches expected opId=0x7fc380beb370
mew0:64904:64941 [1] NCCL INFO Connected to proxy localRank 1 -> connection 0x7fc330001158
mew0:64904:64938 [0] NCCL INFO New proxy recv connection 9 from local rank 0, transport 0
mew0:64904:64938 [0] NCCL INFO proxyProgressAsync opId=0x7fc37b28efd0 op.type=1 op.reqBuff=0x7fc320011010 op.respSize=16 done
mew0:64904:64942 [0] NCCL INFO ncclPollProxyResponse Received new opId=0x7fc37b28efd0
mew0:64904:64938 [0] NCCL INFO Received and initiated operation=Init res=0
mew0:64904:64942 [0] NCCL INFO resp.opId=0x7fc37b28efd0 matches expected opId=0x7fc37b28efd0
mew0:64904:64942 [0] NCCL INFO Connected to proxy localRank 0 -> connection 0x7fc320001158
mew0:64904:64937 [1] NCCL INFO Allocated shareable buffer 0x7fc3b5000000 size 6291456 ipcDesc 0x7fc3300128c0
mew0:64904:64937 [1] NCCL INFO proxyProgressAsync opId=0x7fc380beb370 op.type=3 op.reqBuff=0x7fc330012890 op.respSize=88 done
mew0:64904:64941 [1] NCCL INFO ncclPollProxyResponse Received new opId=0x7fc380beb370
mew0:64904:64937 [1] NCCL INFO Received and initiated operation=Setup res=0
mew0:64904:64938 [0] NCCL INFO Allocated shareable buffer 0x7fc3b5600000 size 6291456 ipcDesc 0x7fc3200128c0
mew0:64904:64938 [0] NCCL INFO proxyProgressAsync opId=0x7fc37b28efd0 op.type=3 op.reqBuff=0x7fc320012890 op.respSize=88 done
mew0:64904:64941 [1] NCCL INFO resp.opId=0x7fc380beb370 matches expected opId=0x7fc380beb370
mew0:64904:64942 [0] NCCL INFO ncclPollProxyResponse Received new opId=0x7fc37b28efd0
mew0:64904:64938 [0] NCCL INFO Received and initiated operation=Setup res=0
mew0:64904:64942 [0] NCCL INFO resp.opId=0x7fc37b28efd0 matches expected opId=0x7fc37b28efd0
mew0:64904:64937 [1] NCCL INFO New proxy recv connection 10 from local rank 1, transport 0
mew0:64904:64937 [1] NCCL INFO proxyProgressAsync opId=0x7fc380beb370 op.type=1 op.reqBuff=0x7fc330012890 op.respSize=16 done
mew0:64904:64938 [0] NCCL INFO New proxy recv connection 10 from local rank 0, transport 0
mew0:64904:64938 [0] NCCL INFO proxyProgressAsync opId=0x7fc37b28efd0 op.type=1 op.reqBuff=0x7fc320012890 op.respSize=16 done
mew0:64904:64937 [1] NCCL INFO Received and initiated operation=Init res=0
mew0:64904:64938 [0] NCCL INFO Received and initiated operation=Init res=0
mew0:64904:64941 [1] NCCL INFO ncclPollProxyResponse Received new opId=0x7fc380beb370
mew0:64904:64942 [0] NCCL INFO ncclPollProxyResponse Received new opId=0x7fc37b28efd0
mew0:64904:64941 [1] NCCL INFO resp.opId=0x7fc380beb370 matches expected opId=0x7fc380beb370
mew0:64904:64941 [1] NCCL INFO Connected to proxy localRank 1 -> connection 0x7fc3300011d0
mew0:64904:64942 [0] NCCL INFO resp.opId=0x7fc37b28efd0 matches expected opId=0x7fc37b28efd0
mew0:64904:64942 [0] NCCL INFO Connected to proxy localRank 0 -> connection 0x7fc3200011d0
mew0:64904:64937 [1] NCCL INFO Allocated shareable buffer 0x7fc3b5c00000 size 6291456 ipcDesc 0x7fc330014140
mew0:64904:64937 [1] NCCL INFO proxyProgressAsync opId=0x7fc380beb370 op.type=3 op.reqBuff=0x7fc330014110 op.respSize=88 done
mew0:64904:64941 [1] NCCL INFO ncclPollProxyResponse Received new opId=0x7fc380beb370
mew0:64904:64937 [1] NCCL INFO Received and initiated operation=Setup res=0
mew0:64904:64941 [1] NCCL INFO resp.opId=0x7fc380beb370 matches expected opId=0x7fc380beb370
mew0:64904:64938 [0] NCCL INFO Allocated shareable buffer 0x7fc3b6200000 size 6291456 ipcDesc 0x7fc320014140
mew0:64904:64938 [0] NCCL INFO proxyProgressAsync opId=0x7fc37b28efd0 op.type=3 op.reqBuff=0x7fc320014110 op.respSize=88 done
mew0:64904:64937 [1] NCCL INFO New proxy recv connection 11 from local rank 1, transport 0
mew0:64904:64937 [1] NCCL INFO proxyProgressAsync opId=0x7fc380beb370 op.type=1 op.reqBuff=0x7fc330014110 op.respSize=16 done
mew0:64904:64942 [0] NCCL INFO ncclPollProxyResponse Received new opId=0x7fc37b28efd0
mew0:64904:64938 [0] NCCL INFO Received and initiated operation=Setup res=0
mew0:64904:64942 [0] NCCL INFO resp.opId=0x7fc37b28efd0 matches expected opId=0x7fc37b28efd0
mew0:64904:64941 [1] NCCL INFO ncclPollProxyResponse Received new opId=0x7fc380beb370
mew0:64904:64937 [1] NCCL INFO Received and initiated operation=Init res=0
mew0:64904:64941 [1] NCCL INFO resp.opId=0x7fc380beb370 matches expected opId=0x7fc380beb370
mew0:64904:64941 [1] NCCL INFO Connected to proxy localRank 1 -> connection 0x7fc330001248
mew0:64904:64938 [0] NCCL INFO New proxy recv connection 11 from local rank 0, transport 0
mew0:64904:64938 [0] NCCL INFO proxyProgressAsync opId=0x7fc37b28efd0 op.type=1 op.reqBuff=0x7fc320014110 op.respSize=16 done
mew0:64904:64942 [0] NCCL INFO ncclPollProxyResponse Received new opId=0x7fc37b28efd0
mew0:64904:64938 [0] NCCL INFO Received and initiated operation=Init res=0
mew0:64904:64942 [0] NCCL INFO resp.opId=0x7fc37b28efd0 matches expected opId=0x7fc37b28efd0
mew0:64904:64942 [0] NCCL INFO Connected to proxy localRank 0 -> connection 0x7fc320001248
mew0:64904:64937 [1] NCCL INFO Allocated shareable buffer 0x7fc3b6800000 size 6291456 ipcDesc 0x7fc3300159c0
mew0:64904:64937 [1] NCCL INFO proxyProgressAsync opId=0x7fc380beb370 op.type=3 op.reqBuff=0x7fc330015990 op.respSize=88 done
mew0:64904:64941 [1] NCCL INFO ncclPollProxyResponse Received new opId=0x7fc380beb370
mew0:64904:64937 [1] NCCL INFO Received and initiated operation=Setup res=0
mew0:64904:64941 [1] NCCL INFO resp.opId=0x7fc380beb370 matches expected opId=0x7fc380beb370
mew0:64904:64938 [0] NCCL INFO Allocated shareable buffer 0x7fc3b6e00000 size 6291456 ipcDesc 0x7fc3200159c0
mew0:64904:64938 [0] NCCL INFO proxyProgressAsync opId=0x7fc37b28efd0 op.type=3 op.reqBuff=0x7fc320015990 op.respSize=88 done
mew0:64904:64942 [0] NCCL INFO ncclPollProxyResponse Received new opId=0x7fc37b28efd0
mew0:64904:64938 [0] NCCL INFO Received and initiated operation=Setup res=0
mew0:64904:64937 [1] NCCL INFO New proxy recv connection 12 from local rank 1, transport 0
mew0:64904:64937 [1] NCCL INFO proxyProgressAsync opId=0x7fc380beb370 op.type=1 op.reqBuff=0x7fc330015990 op.respSize=16 done
mew0:64904:64942 [0] NCCL INFO resp.opId=0x7fc37b28efd0 matches expected opId=0x7fc37b28efd0
mew0:64904:64937 [1] NCCL INFO Received and initiated operation=Init res=0
mew0:64904:64941 [1] NCCL INFO ncclPollProxyResponse Received new opId=0x7fc380beb370
mew0:64904:64941 [1] NCCL INFO resp.opId=0x7fc380beb370 matches expected opId=0x7fc380beb370
mew0:64904:64941 [1] NCCL INFO Connected to proxy localRank 1 -> connection 0x7fc3300012c0
mew0:64904:64938 [0] NCCL INFO New proxy recv connection 12 from local rank 0, transport 0
mew0:64904:64938 [0] NCCL INFO proxyProgressAsync opId=0x7fc37b28efd0 op.type=1 op.reqBuff=0x7fc320015990 op.respSize=16 done
mew0:64904:64942 [0] NCCL INFO ncclPollProxyResponse Received new opId=0x7fc37b28efd0
mew0:64904:64938 [0] NCCL INFO Received and initiated operation=Init res=0
mew0:64904:64942 [0] NCCL INFO resp.opId=0x7fc37b28efd0 matches expected opId=0x7fc37b28efd0
mew0:64904:64942 [0] NCCL INFO Connected to proxy localRank 0 -> connection 0x7fc3200012c0
mew0:64904:64937 [1] NCCL INFO Allocated shareable buffer 0x7fc3b7400000 size 6291456 ipcDesc 0x7fc330017240
mew0:64904:64937 [1] NCCL INFO proxyProgressAsync opId=0x7fc380beb370 op.type=3 op.reqBuff=0x7fc330017210 op.respSize=88 done
mew0:64904:64941 [1] NCCL INFO ncclPollProxyResponse Received new opId=0x7fc380beb370
mew0:64904:64937 [1] NCCL INFO Received and initiated operation=Setup res=0
mew0:64904:64941 [1] NCCL INFO resp.opId=0x7fc380beb370 matches expected opId=0x7fc380beb370
mew0:64904:64938 [0] NCCL INFO Allocated shareable buffer 0x7fc3b7a00000 size 6291456 ipcDesc 0x7fc320017240
mew0:64904:64938 [0] NCCL INFO proxyProgressAsync opId=0x7fc37b28efd0 op.type=3 op.reqBuff=0x7fc320017210 op.respSize=88 done
mew0:64904:64937 [1] NCCL INFO New proxy recv connection 13 from local rank 1, transport 0
mew0:64904:64937 [1] NCCL INFO proxyProgressAsync opId=0x7fc380beb370 op.type=1 op.reqBuff=0x7fc330017210 op.respSize=16 done
mew0:64904:64938 [0] NCCL INFO Received and initiated operation=Setup res=0
mew0:64904:64937 [1] NCCL INFO Received and initiated operation=Init res=0
mew0:64904:64941 [1] NCCL INFO ncclPollProxyResponse Received new opId=0x7fc380beb370
mew0:64904:64942 [0] NCCL INFO ncclPollProxyResponse Received new opId=0x7fc37b28efd0
mew0:64904:64941 [1] NCCL INFO resp.opId=0x7fc380beb370 matches expected opId=0x7fc380beb370
mew0:64904:64941 [1] NCCL INFO Connected to proxy localRank 1 -> connection 0x7fc330001338
mew0:64904:64942 [0] NCCL INFO resp.opId=0x7fc37b28efd0 matches expected opId=0x7fc37b28efd0
mew0:64904:64938 [0] NCCL INFO New proxy recv connection 13 from local rank 0, transport 0
mew0:64904:64938 [0] NCCL INFO proxyProgressAsync opId=0x7fc37b28efd0 op.type=1 op.reqBuff=0x7fc320017210 op.respSize=16 done
mew0:64904:64942 [0] NCCL INFO ncclPollProxyResponse Received new opId=0x7fc37b28efd0
mew0:64904:64938 [0] NCCL INFO Received and initiated operation=Init res=0
mew0:64904:64942 [0] NCCL INFO resp.opId=0x7fc37b28efd0 matches expected opId=0x7fc37b28efd0
mew0:64904:64942 [0] NCCL INFO Connected to proxy localRank 0 -> connection 0x7fc320001338
mew0:64904:64937 [1] NCCL INFO Allocated shareable buffer 0x7fc3b8000000 size 6291456 ipcDesc 0x7fc330018ac0
mew0:64904:64937 [1] NCCL INFO proxyProgressAsync opId=0x7fc380beb370 op.type=3 op.reqBuff=0x7fc330018a90 op.respSize=88 done
mew0:64904:64941 [1] NCCL INFO ncclPollProxyResponse Received new opId=0x7fc380beb370
mew0:64904:64937 [1] NCCL INFO Received and initiated operation=Setup res=0
mew0:64904:64941 [1] NCCL INFO resp.opId=0x7fc380beb370 matches expected opId=0x7fc380beb370
mew0:64904:64938 [0] NCCL INFO Allocated shareable buffer 0x7fc3b8600000 size 6291456 ipcDesc 0x7fc320018ac0
mew0:64904:64938 [0] NCCL INFO proxyProgressAsync opId=0x7fc37b28efd0 op.type=3 op.reqBuff=0x7fc320018a90 op.respSize=88 done
mew0:64904:64937 [1] NCCL INFO New proxy recv connection 14 from local rank 1, transport 0
mew0:64904:64937 [1] NCCL INFO proxyProgressAsync opId=0x7fc380beb370 op.type=1 op.reqBuff=0x7fc330018a90 op.respSize=16 done
mew0:64904:64938 [0] NCCL INFO Received and initiated operation=Setup res=0
mew0:64904:64941 [1] NCCL INFO ncclPollProxyResponse Received new opId=0x7fc380beb370
mew0:64904:64942 [0] NCCL INFO ncclPollProxyResponse Received new opId=0x7fc37b28efd0
mew0:64904:64941 [1] NCCL INFO resp.opId=0x7fc380beb370 matches expected opId=0x7fc380beb370
mew0:64904:64942 [0] NCCL INFO resp.opId=0x7fc37b28efd0 matches expected opId=0x7fc37b28efd0
mew0:64904:64937 [1] NCCL INFO Received and initiated operation=Init res=0
mew0:64904:64941 [1] NCCL INFO Connected to proxy localRank 1 -> connection 0x7fc3300013b0
mew0:64904:64938 [0] NCCL INFO New proxy recv connection 14 from local rank 0, transport 0
mew0:64904:64938 [0] NCCL INFO proxyProgressAsync opId=0x7fc37b28efd0 op.type=1 op.reqBuff=0x7fc320018a90 op.respSize=16 done
mew0:64904:64942 [0] NCCL INFO ncclPollProxyResponse Received new opId=0x7fc37b28efd0
mew0:64904:64938 [0] NCCL INFO Received and initiated operation=Init res=0
mew0:64904:64942 [0] NCCL INFO resp.opId=0x7fc37b28efd0 matches expected opId=0x7fc37b28efd0
mew0:64904:64942 [0] NCCL INFO Connected to proxy localRank 0 -> connection 0x7fc3200013b0
mew0:64904:64937 [1] NCCL INFO Allocated shareable buffer 0x7fc3b8c00000 size 6291456 ipcDesc 0x7fc33001a340
mew0:64904:64937 [1] NCCL INFO proxyProgressAsync opId=0x7fc380beb370 op.type=3 op.reqBuff=0x7fc33001a310 op.respSize=88 done
mew0:64904:64941 [1] NCCL INFO ncclPollProxyResponse Received new opId=0x7fc380beb370
mew0:64904:64937 [1] NCCL INFO Received and initiated operation=Setup res=0
mew0:64904:64941 [1] NCCL INFO resp.opId=0x7fc380beb370 matches expected opId=0x7fc380beb370
mew0:64904:64937 [1] NCCL INFO New proxy recv connection 15 from local rank 1, transport 0
mew0:64904:64937 [1] NCCL INFO proxyProgressAsync opId=0x7fc380beb370 op.type=1 op.reqBuff=0x7fc33001a310 op.respSize=16 done
mew0:64904:64938 [0] NCCL INFO Allocated shareable buffer 0x7fc3b9200000 size 6291456 ipcDesc 0x7fc32001a340
mew0:64904:64937 [1] NCCL INFO Received and initiated operation=Init res=0
mew0:64904:64941 [1] NCCL INFO ncclPollProxyResponse Received new opId=0x7fc380beb370
mew0:64904:64938 [0] NCCL INFO proxyProgressAsync opId=0x7fc37b28efd0 op.type=3 op.reqBuff=0x7fc32001a310 op.respSize=88 done
mew0:64904:64941 [1] NCCL INFO resp.opId=0x7fc380beb370 matches expected opId=0x7fc380beb370
mew0:64904:64941 [1] NCCL INFO Connected to proxy localRank 1 -> connection 0x7fc330001428
mew0:64904:64942 [0] NCCL INFO ncclPollProxyResponse Received new opId=0x7fc37b28efd0
mew0:64904:64938 [0] NCCL INFO Received and initiated operation=Setup res=0
mew0:64904:64942 [0] NCCL INFO resp.opId=0x7fc37b28efd0 matches expected opId=0x7fc37b28efd0
mew0:64904:64938 [0] NCCL INFO New proxy recv connection 15 from local rank 0, transport 0
mew0:64904:64938 [0] NCCL INFO proxyProgressAsync opId=0x7fc37b28efd0 op.type=1 op.reqBuff=0x7fc32001a310 op.respSize=16 done
mew0:64904:64942 [0] NCCL INFO ncclPollProxyResponse Received new opId=0x7fc37b28efd0
mew0:64904:64938 [0] NCCL INFO Received and initiated operation=Init res=0
mew0:64904:64942 [0] NCCL INFO resp.opId=0x7fc37b28efd0 matches expected opId=0x7fc37b28efd0
mew0:64904:64942 [0] NCCL INFO Connected to proxy localRank 0 -> connection 0x7fc320001428
mew0:64904:64937 [1] NCCL INFO Allocated shareable buffer 0x7fc3b9800000 size 6291456 ipcDesc 0x7fc33001bbc0
mew0:64904:64937 [1] NCCL INFO proxyProgressAsync opId=0x7fc380beb370 op.type=3 op.reqBuff=0x7fc33001bb90 op.respSize=88 done
mew0:64904:64941 [1] NCCL INFO ncclPollProxyResponse Received new opId=0x7fc380beb370
mew0:64904:64937 [1] NCCL INFO Received and initiated operation=Setup res=0
mew0:64904:64941 [1] NCCL INFO resp.opId=0x7fc380beb370 matches expected opId=0x7fc380beb370
mew0:64904:64937 [1] NCCL INFO New proxy recv connection 16 from local rank 1, transport 0
mew0:64904:64937 [1] NCCL INFO proxyProgressAsync opId=0x7fc380beb370 op.type=1 op.reqBuff=0x7fc33001bb90 op.respSize=16 done
mew0:64904:64941 [1] NCCL INFO ncclPollProxyResponse Received new opId=0x7fc380beb370
mew0:64904:64937 [1] NCCL INFO Received and initiated operation=Init res=0
mew0:64904:64941 [1] NCCL INFO resp.opId=0x7fc380beb370 matches expected opId=0x7fc380beb370
mew0:64904:64941 [1] NCCL INFO Connected to proxy localRank 1 -> connection 0x7fc3300014a0
mew0:64904:64938 [0] NCCL INFO Allocated shareable buffer 0x7fc3b9e00000 size 6291456 ipcDesc 0x7fc32001bbc0
mew0:64904:64938 [0] NCCL INFO proxyProgressAsync opId=0x7fc37b28efd0 op.type=3 op.reqBuff=0x7fc32001bb90 op.respSize=88 done
mew0:64904:64942 [0] NCCL INFO ncclPollProxyResponse Received new opId=0x7fc37b28efd0
mew0:64904:64938 [0] NCCL INFO Received and initiated operation=Setup res=0
mew0:64904:64942 [0] NCCL INFO resp.opId=0x7fc37b28efd0 matches expected opId=0x7fc37b28efd0
mew0:64904:64938 [0] NCCL INFO New proxy recv connection 16 from local rank 0, transport 0
mew0:64904:64938 [0] NCCL INFO proxyProgressAsync opId=0x7fc37b28efd0 op.type=1 op.reqBuff=0x7fc32001bb90 op.respSize=16 done
mew0:64904:64942 [0] NCCL INFO ncclPollProxyResponse Received new opId=0x7fc37b28efd0
mew0:64904:64938 [0] NCCL INFO Received and initiated operation=Init res=0
mew0:64904:64942 [0] NCCL INFO resp.opId=0x7fc37b28efd0 matches expected opId=0x7fc37b28efd0
mew0:64904:64942 [0] NCCL INFO Connected to proxy localRank 0 -> connection 0x7fc3200014a0
mew0:64904:64937 [1] NCCL INFO Allocated shareable buffer 0x7fc3ba400000 size 6291456 ipcDesc 0x7fc33001d440
mew0:64904:64937 [1] NCCL INFO proxyProgressAsync opId=0x7fc380beb370 op.type=3 op.reqBuff=0x7fc33001d410 op.respSize=88 done
mew0:64904:64941 [1] NCCL INFO ncclPollProxyResponse Received new opId=0x7fc380beb370
mew0:64904:64937 [1] NCCL INFO Received and initiated operation=Setup res=0
mew0:64904:64941 [1] NCCL INFO resp.opId=0x7fc380beb370 matches expected opId=0x7fc380beb370
mew0:64904:64937 [1] NCCL INFO New proxy recv connection 17 from local rank 1, transport 0
mew0:64904:64937 [1] NCCL INFO proxyProgressAsync opId=0x7fc380beb370 op.type=1 op.reqBuff=0x7fc33001d410 op.respSize=16 done
mew0:64904:64941 [1] NCCL INFO ncclPollProxyResponse Received new opId=0x7fc380beb370
mew0:64904:64937 [1] NCCL INFO Received and initiated operation=Init res=0
mew0:64904:64941 [1] NCCL INFO resp.opId=0x7fc380beb370 matches expected opId=0x7fc380beb370
mew0:64904:64941 [1] NCCL INFO Connected to proxy localRank 1 -> connection 0x7fc330001518
mew0:64904:64938 [0] NCCL INFO Allocated shareable buffer 0x7fc3baa00000 size 6291456 ipcDesc 0x7fc32001d440
mew0:64904:64938 [0] NCCL INFO proxyProgressAsync opId=0x7fc37b28efd0 op.type=3 op.reqBuff=0x7fc32001d410 op.respSize=88 done
mew0:64904:64942 [0] NCCL INFO ncclPollProxyResponse Received new opId=0x7fc37b28efd0
mew0:64904:64938 [0] NCCL INFO Received and initiated operation=Setup res=0
mew0:64904:64942 [0] NCCL INFO resp.opId=0x7fc37b28efd0 matches expected opId=0x7fc37b28efd0
mew0:64904:64938 [0] NCCL INFO New proxy recv connection 17 from local rank 0, transport 0
mew0:64904:64938 [0] NCCL INFO proxyProgressAsync opId=0x7fc37b28efd0 op.type=1 op.reqBuff=0x7fc32001d410 op.respSize=16 done
mew0:64904:64942 [0] NCCL INFO ncclPollProxyResponse Received new opId=0x7fc37b28efd0
mew0:64904:64938 [0] NCCL INFO Received and initiated operation=Init res=0
mew0:64904:64942 [0] NCCL INFO resp.opId=0x7fc37b28efd0 matches expected opId=0x7fc37b28efd0
mew0:64904:64942 [0] NCCL INFO Connected to proxy localRank 0 -> connection 0x7fc320001518
mew0:64904:64937 [1] NCCL INFO Allocated shareable buffer 0x7fc3bb000000 size 6291456 ipcDesc 0x7fc33001ecc0
mew0:64904:64937 [1] NCCL INFO proxyProgressAsync opId=0x7fc380beb370 op.type=3 op.reqBuff=0x7fc33001ec90 op.respSize=88 done
mew0:64904:64941 [1] NCCL INFO ncclPollProxyResponse Received new opId=0x7fc380beb370
mew0:64904:64937 [1] NCCL INFO Received and initiated operation=Setup res=0
mew0:64904:64941 [1] NCCL INFO resp.opId=0x7fc380beb370 matches expected opId=0x7fc380beb370
mew0:64904:64937 [1] NCCL INFO New proxy recv connection 18 from local rank 1, transport 0
mew0:64904:64937 [1] NCCL INFO proxyProgressAsync opId=0x7fc380beb370 op.type=1 op.reqBuff=0x7fc33001ec90 op.respSize=16 done
mew0:64904:64941 [1] NCCL INFO ncclPollProxyResponse Received new opId=0x7fc380beb370
mew0:64904:64937 [1] NCCL INFO Received and initiated operation=Init res=0
mew0:64904:64941 [1] NCCL INFO resp.opId=0x7fc380beb370 matches expected opId=0x7fc380beb370
mew0:64904:64941 [1] NCCL INFO Connected to proxy localRank 1 -> connection 0x7fc330001590
mew0:64904:64938 [0] NCCL INFO Allocated shareable buffer 0x7fc3bb600000 size 6291456 ipcDesc 0x7fc32001ecc0
mew0:64904:64938 [0] NCCL INFO proxyProgressAsync opId=0x7fc37b28efd0 op.type=3 op.reqBuff=0x7fc32001ec90 op.respSize=88 done
mew0:64904:64942 [0] NCCL INFO ncclPollProxyResponse Received new opId=0x7fc37b28efd0
mew0:64904:64938 [0] NCCL INFO Received and initiated operation=Setup res=0
mew0:64904:64942 [0] NCCL INFO resp.opId=0x7fc37b28efd0 matches expected opId=0x7fc37b28efd0
mew0:64904:64938 [0] NCCL INFO New proxy recv connection 18 from local rank 0, transport 0
mew0:64904:64938 [0] NCCL INFO proxyProgressAsync opId=0x7fc37b28efd0 op.type=1 op.reqBuff=0x7fc32001ec90 op.respSize=16 done
mew0:64904:64942 [0] NCCL INFO ncclPollProxyResponse Received new opId=0x7fc37b28efd0
mew0:64904:64938 [0] NCCL INFO Received and initiated operation=Init res=0
mew0:64904:64942 [0] NCCL INFO resp.opId=0x7fc37b28efd0 matches expected opId=0x7fc37b28efd0
mew0:64904:64942 [0] NCCL INFO Connected to proxy localRank 0 -> connection 0x7fc320001590
mew0:64904:64937 [1] NCCL INFO Allocated shareable buffer 0x7fc3bbc00000 size 6291456 ipcDesc 0x7fc330020540
mew0:64904:64937 [1] NCCL INFO proxyProgressAsync opId=0x7fc380beb370 op.type=3 op.reqBuff=0x7fc330020510 op.respSize=88 done
mew0:64904:64941 [1] NCCL INFO ncclPollProxyResponse Received new opId=0x7fc380beb370
mew0:64904:64937 [1] NCCL INFO Received and initiated operation=Setup res=0
mew0:64904:64941 [1] NCCL INFO resp.opId=0x7fc380beb370 matches expected opId=0x7fc380beb370
mew0:64904:64937 [1] NCCL INFO New proxy recv connection 19 from local rank 1, transport 0
mew0:64904:64937 [1] NCCL INFO proxyProgressAsync opId=0x7fc380beb370 op.type=1 op.reqBuff=0x7fc330020510 op.respSize=16 done
mew0:64904:64941 [1] NCCL INFO ncclPollProxyResponse Received new opId=0x7fc380beb370
mew0:64904:64937 [1] NCCL INFO Received and initiated operation=Init res=0
mew0:64904:64941 [1] NCCL INFO resp.opId=0x7fc380beb370 matches expected opId=0x7fc380beb370
mew0:64904:64941 [1] NCCL INFO Connected to proxy localRank 1 -> connection 0x7fc330001608
mew0:64904:64938 [0] NCCL INFO Allocated shareable buffer 0x7fc3bc200000 size 6291456 ipcDesc 0x7fc320020540
mew0:64904:64938 [0] NCCL INFO proxyProgressAsync opId=0x7fc37b28efd0 op.type=3 op.reqBuff=0x7fc320020510 op.respSize=88 done
mew0:64904:64942 [0] NCCL INFO ncclPollProxyResponse Received new opId=0x7fc37b28efd0
mew0:64904:64938 [0] NCCL INFO Received and initiated operation=Setup res=0
mew0:64904:64942 [0] NCCL INFO resp.opId=0x7fc37b28efd0 matches expected opId=0x7fc37b28efd0
mew0:64904:64938 [0] NCCL INFO New proxy recv connection 19 from local rank 0, transport 0
mew0:64904:64938 [0] NCCL INFO proxyProgressAsync opId=0x7fc37b28efd0 op.type=1 op.reqBuff=0x7fc320020510 op.respSize=16 done
mew0:64904:64942 [0] NCCL INFO ncclPollProxyResponse Received new opId=0x7fc37b28efd0
mew0:64904:64938 [0] NCCL INFO Received and initiated operation=Init res=0
mew0:64904:64942 [0] NCCL INFO resp.opId=0x7fc37b28efd0 matches expected opId=0x7fc37b28efd0
mew0:64904:64942 [0] NCCL INFO Connected to proxy localRank 0 -> connection 0x7fc320001608
mew0:64904:64937 [1] NCCL INFO Allocated shareable buffer 0x7fc3bc800000 size 6291456 ipcDesc 0x7fc330021dc0
mew0:64904:64937 [1] NCCL INFO proxyProgressAsync opId=0x7fc380beb370 op.type=3 op.reqBuff=0x7fc330021d90 op.respSize=88 done
mew0:64904:64941 [1] NCCL INFO ncclPollProxyResponse Received new opId=0x7fc380beb370
mew0:64904:64937 [1] NCCL INFO Received and initiated operation=Setup res=0
mew0:64904:64941 [1] NCCL INFO resp.opId=0x7fc380beb370 matches expected opId=0x7fc380beb370
mew0:64904:64937 [1] NCCL INFO New proxy recv connection 20 from local rank 1, transport 0
mew0:64904:64937 [1] NCCL INFO proxyProgressAsync opId=0x7fc380beb370 op.type=1 op.reqBuff=0x7fc330021d90 op.respSize=16 done
mew0:64904:64941 [1] NCCL INFO ncclPollProxyResponse Received new opId=0x7fc380beb370
mew0:64904:64937 [1] NCCL INFO Received and initiated operation=Init res=0
mew0:64904:64941 [1] NCCL INFO resp.opId=0x7fc380beb370 matches expected opId=0x7fc380beb370
mew0:64904:64941 [1] NCCL INFO Connected to proxy localRank 1 -> connection 0x7fc330001680
mew0:64904:64938 [0] NCCL INFO Allocated shareable buffer 0x402000000 size 6291456 ipcDesc 0x7fc320021dc0
mew0:64904:64938 [0] NCCL INFO proxyProgressAsync opId=0x7fc37b28efd0 op.type=3 op.reqBuff=0x7fc320021d90 op.respSize=88 done
mew0:64904:64942 [0] NCCL INFO ncclPollProxyResponse Received new opId=0x7fc37b28efd0
mew0:64904:64938 [0] NCCL INFO Received and initiated operation=Setup res=0
mew0:64904:64942 [0] NCCL INFO resp.opId=0x7fc37b28efd0 matches expected opId=0x7fc37b28efd0
mew0:64904:64937 [1] NCCL INFO Allocated shareable buffer 0x402600000 size 6291456 ipcDesc 0x7fc330023640
mew0:64904:64937 [1] NCCL INFO proxyProgressAsync opId=0x7fc380beb370 op.type=3 op.reqBuff=0x7fc330023610 op.respSize=88 done
mew0:64904:64938 [0] NCCL INFO New proxy recv connection 20 from local rank 0, transport 0
mew0:64904:64938 [0] NCCL INFO proxyProgressAsync opId=0x7fc37b28efd0 op.type=1 op.reqBuff=0x7fc320021d90 op.respSize=16 done
mew0:64904:64937 [1] NCCL INFO Received and initiated operation=Setup res=0
mew0:64904:64942 [0] NCCL INFO ncclPollProxyResponse Received new opId=0x7fc37b28efd0
mew0:64904:64938 [0] NCCL INFO Received and initiated operation=Init res=0
mew0:64904:64941 [1] NCCL INFO ncclPollProxyResponse Received new opId=0x7fc380beb370
mew0:64904:64942 [0] NCCL INFO resp.opId=0x7fc37b28efd0 matches expected opId=0x7fc37b28efd0
mew0:64904:64942 [0] NCCL INFO Connected to proxy localRank 0 -> connection 0x7fc320001680
mew0:64904:64941 [1] NCCL INFO resp.opId=0x7fc380beb370 matches expected opId=0x7fc380beb370
mew0:64904:64937 [1] NCCL INFO New proxy recv connection 21 from local rank 1, transport 0
mew0:64904:64937 [1] NCCL INFO proxyProgressAsync opId=0x7fc380beb370 op.type=1 op.reqBuff=0x7fc330023610 op.respSize=16 done
mew0:64904:64941 [1] NCCL INFO ncclPollProxyResponse Received new opId=0x7fc380beb370
mew0:64904:64937 [1] NCCL INFO Received and initiated operation=Init res=0
mew0:64904:64941 [1] NCCL INFO resp.opId=0x7fc380beb370 matches expected opId=0x7fc380beb370
mew0:64904:64941 [1] NCCL INFO Connected to proxy localRank 1 -> connection 0x7fc3300016f8
mew0:64904:64938 [0] NCCL INFO Allocated shareable buffer 0x402c00000 size 6291456 ipcDesc 0x7fc3200239f0
mew0:64904:64938 [0] NCCL INFO proxyProgressAsync opId=0x7fc37b28efd0 op.type=3 op.reqBuff=0x7fc3200239c0 op.respSize=88 done
mew0:64904:64942 [0] NCCL INFO ncclPollProxyResponse Received new opId=0x7fc37b28efd0
mew0:64904:64938 [0] NCCL INFO Received and initiated operation=Setup res=0
mew0:64904:64942 [0] NCCL INFO resp.opId=0x7fc37b28efd0 matches expected opId=0x7fc37b28efd0
mew0:64904:64937 [1] NCCL INFO Allocated shareable buffer 0x403200000 size 6291456 ipcDesc 0x7fc330024ec0
mew0:64904:64937 [1] NCCL INFO proxyProgressAsync opId=0x7fc380beb370 op.type=3 op.reqBuff=0x7fc330024e90 op.respSize=88 done
mew0:64904:64938 [0] NCCL INFO New proxy recv connection 21 from local rank 0, transport 0
mew0:64904:64937 [1] NCCL INFO Received and initiated operation=Setup res=0
mew0:64904:64938 [0] NCCL INFO proxyProgressAsync opId=0x7fc37b28efd0 op.type=1 op.reqBuff=0x7fc3200239c0 op.respSize=16 done
mew0:64904:64941 [1] NCCL INFO ncclPollProxyResponse Received new opId=0x7fc380beb370
mew0:64904:64942 [0] NCCL INFO ncclPollProxyResponse Received new opId=0x7fc37b28efd0
mew0:64904:64941 [1] NCCL INFO resp.opId=0x7fc380beb370 matches expected opId=0x7fc380beb370
mew0:64904:64938 [0] NCCL INFO Received and initiated operation=Init res=0
mew0:64904:64942 [0] NCCL INFO resp.opId=0x7fc37b28efd0 matches expected opId=0x7fc37b28efd0
mew0:64904:64942 [0] NCCL INFO Connected to proxy localRank 0 -> connection 0x7fc3200016f8
mew0:64904:64937 [1] NCCL INFO New proxy recv connection 22 from local rank 1, transport 0
mew0:64904:64937 [1] NCCL INFO proxyProgressAsync opId=0x7fc380beb370 op.type=1 op.reqBuff=0x7fc330024e90 op.respSize=16 done
mew0:64904:64941 [1] NCCL INFO ncclPollProxyResponse Received new opId=0x7fc380beb370
mew0:64904:64937 [1] NCCL INFO Received and initiated operation=Init res=0
mew0:64904:64941 [1] NCCL INFO resp.opId=0x7fc380beb370 matches expected opId=0x7fc380beb370
mew0:64904:64941 [1] NCCL INFO Connected to proxy localRank 1 -> connection 0x7fc330001770
mew0:64904:64938 [0] NCCL INFO Allocated shareable buffer 0x403800000 size 6291456 ipcDesc 0x7fc320025270
mew0:64904:64938 [0] NCCL INFO proxyProgressAsync opId=0x7fc37b28efd0 op.type=3 op.reqBuff=0x7fc320025240 op.respSize=88 done
mew0:64904:64942 [0] NCCL INFO ncclPollProxyResponse Received new opId=0x7fc37b28efd0
mew0:64904:64938 [0] NCCL INFO Received and initiated operation=Setup res=0
mew0:64904:64942 [0] NCCL INFO resp.opId=0x7fc37b28efd0 matches expected opId=0x7fc37b28efd0
mew0:64904:64937 [1] NCCL INFO Allocated shareable buffer 0x404000000 size 6291456 ipcDesc 0x7fc330026740
mew0:64904:64937 [1] NCCL INFO proxyProgressAsync opId=0x7fc380beb370 op.type=3 op.reqBuff=0x7fc330026710 op.respSize=88 done
mew0:64904:64938 [0] NCCL INFO New proxy recv connection 22 from local rank 0, transport 0
mew0:64904:64938 [0] NCCL INFO proxyProgressAsync opId=0x7fc37b28efd0 op.type=1 op.reqBuff=0x7fc320025240 op.respSize=16 done
mew0:64904:64937 [1] NCCL INFO Received and initiated operation=Setup res=0
mew0:64904:64942 [0] NCCL INFO ncclPollProxyResponse Received new opId=0x7fc37b28efd0
mew0:64904:64938 [0] NCCL INFO Received and initiated operation=Init res=0
mew0:64904:64941 [1] NCCL INFO ncclPollProxyResponse Received new opId=0x7fc380beb370
mew0:64904:64942 [0] NCCL INFO resp.opId=0x7fc37b28efd0 matches expected opId=0x7fc37b28efd0
mew0:64904:64942 [0] NCCL INFO Connected to proxy localRank 0 -> connection 0x7fc320001770
mew0:64904:64941 [1] NCCL INFO resp.opId=0x7fc380beb370 matches expected opId=0x7fc380beb370
mew0:64904:64937 [1] NCCL INFO New proxy recv connection 23 from local rank 1, transport 0
mew0:64904:64937 [1] NCCL INFO proxyProgressAsync opId=0x7fc380beb370 op.type=1 op.reqBuff=0x7fc330026710 op.respSize=16 done
mew0:64904:64941 [1] NCCL INFO ncclPollProxyResponse Received new opId=0x7fc380beb370
mew0:64904:64937 [1] NCCL INFO Received and initiated operation=Init res=0
mew0:64904:64941 [1] NCCL INFO resp.opId=0x7fc380beb370 matches expected opId=0x7fc380beb370
mew0:64904:64941 [1] NCCL INFO Connected to proxy localRank 1 -> connection 0x7fc3300017e8
mew0:64904:64938 [0] NCCL INFO Allocated shareable buffer 0x404600000 size 6291456 ipcDesc 0x7fc320026af0
mew0:64904:64938 [0] NCCL INFO proxyProgressAsync opId=0x7fc37b28efd0 op.type=3 op.reqBuff=0x7fc320026ac0 op.respSize=88 done
mew0:64904:64942 [0] NCCL INFO ncclPollProxyResponse Received new opId=0x7fc37b28efd0
mew0:64904:64938 [0] NCCL INFO Received and initiated operation=Setup res=0
mew0:64904:64942 [0] NCCL INFO resp.opId=0x7fc37b28efd0 matches expected opId=0x7fc37b28efd0
mew0:64904:64937 [1] NCCL INFO Allocated shareable buffer 0x404c00000 size 6291456 ipcDesc 0x7fc3300282d0
mew0:64904:64937 [1] NCCL INFO proxyProgressAsync opId=0x7fc380beb370 op.type=3 op.reqBuff=0x7fc3300282a0 op.respSize=88 done
mew0:64904:64938 [0] NCCL INFO New proxy recv connection 23 from local rank 0, transport 0
mew0:64904:64938 [0] NCCL INFO proxyProgressAsync opId=0x7fc37b28efd0 op.type=1 op.reqBuff=0x7fc320026ac0 op.respSize=16 done
mew0:64904:64937 [1] NCCL INFO Received and initiated operation=Setup res=0
mew0:64904:64942 [0] NCCL INFO ncclPollProxyResponse Received new opId=0x7fc37b28efd0
mew0:64904:64938 [0] NCCL INFO Received and initiated operation=Init res=0
mew0:64904:64941 [1] NCCL INFO ncclPollProxyResponse Received new opId=0x7fc380beb370
mew0:64904:64942 [0] NCCL INFO resp.opId=0x7fc37b28efd0 matches expected opId=0x7fc37b28efd0
mew0:64904:64942 [0] NCCL INFO Connected to proxy localRank 0 -> connection 0x7fc3200017e8
mew0:64904:64941 [1] NCCL INFO resp.opId=0x7fc380beb370 matches expected opId=0x7fc380beb370
mew0:64904:64941 [1] NCCL INFO Channel 00/0 : 1[1] -> 0[0] via P2P/direct pointer/read
mew0:64904:64937 [1] NCCL INFO New proxy send connection 24 from local rank 1, transport 0
mew0:64904:64937 [1] NCCL INFO proxyProgressAsync opId=0x7fc380beb370 op.type=1 op.reqBuff=0x7fc3300282a0 op.respSize=16 done
mew0:64904:64941 [1] NCCL INFO ncclPollProxyResponse Received new opId=0x7fc380beb370
mew0:64904:64937 [1] NCCL INFO Received and initiated operation=Init res=0
mew0:64904:64941 [1] NCCL INFO resp.opId=0x7fc380beb370 matches expected opId=0x7fc380beb370
mew0:64904:64941 [1] NCCL INFO Connected to proxy localRank 1 -> connection 0x7fc330001860
mew0:64904:64938 [0] NCCL INFO Allocated shareable buffer 0x405200000 size 6291456 ipcDesc 0x7fc320028370
mew0:64904:64938 [0] NCCL INFO proxyProgressAsync opId=0x7fc37b28efd0 op.type=3 op.reqBuff=0x7fc320028340 op.respSize=88 done
mew0:64904:64942 [0] NCCL INFO ncclPollProxyResponse Received new opId=0x7fc37b28efd0
mew0:64904:64938 [0] NCCL INFO Received and initiated operation=Setup res=0
mew0:64904:64942 [0] NCCL INFO resp.opId=0x7fc37b28efd0 matches expected opId=0x7fc37b28efd0
mew0:64904:64942 [0] NCCL INFO Channel 00/0 : 0[0] -> 1[1] via P2P/direct pointer/read
mew0:64904:64937 [1] NCCL INFO Allocated shareable buffer 0x405800000 size 6291456 ipcDesc 0x7fc330029b50
mew0:64904:64937 [1] NCCL INFO proxyProgressAsync opId=0x7fc380beb370 op.type=3 op.reqBuff=0x7fc330029b20 op.respSize=88 done
mew0:64904:64938 [0] NCCL INFO New proxy send connection 24 from local rank 0, transport 0
mew0:64904:64938 [0] NCCL INFO proxyProgressAsync opId=0x7fc37b28efd0 op.type=1 op.reqBuff=0x7fc320028340 op.respSize=16 done
mew0:64904:64937 [1] NCCL INFO Received and initiated operation=Setup res=0
mew0:64904:64942 [0] NCCL INFO ncclPollProxyResponse Received new opId=0x7fc37b28efd0
mew0:64904:64941 [1] NCCL INFO ncclPollProxyResponse Received new opId=0x7fc380beb370
mew0:64904:64938 [0] NCCL INFO Received and initiated operation=Init res=0
mew0:64904:64942 [0] NCCL INFO resp.opId=0x7fc37b28efd0 matches expected opId=0x7fc37b28efd0
mew0:64904:64942 [0] NCCL INFO Connected to proxy localRank 0 -> connection 0x7fc320001860
mew0:64904:64941 [1] NCCL INFO resp.opId=0x7fc380beb370 matches expected opId=0x7fc380beb370
mew0:64904:64941 [1] NCCL INFO Channel 01/0 : 1[1] -> 0[0] via P2P/direct pointer/read
mew0:64904:64937 [1] NCCL INFO New proxy send connection 25 from local rank 1, transport 0
mew0:64904:64937 [1] NCCL INFO proxyProgressAsync opId=0x7fc380beb370 op.type=1 op.reqBuff=0x7fc330029b20 op.respSize=16 done
mew0:64904:64941 [1] NCCL INFO ncclPollProxyResponse Received new opId=0x7fc380beb370
mew0:64904:64937 [1] NCCL INFO Received and initiated operation=Init res=0
mew0:64904:64941 [1] NCCL INFO resp.opId=0x7fc380beb370 matches expected opId=0x7fc380beb370
mew0:64904:64941 [1] NCCL INFO Connected to proxy localRank 1 -> connection 0x7fc3300018d8
mew0:64904:64938 [0] NCCL INFO Allocated shareable buffer 0x406000000 size 6291456 ipcDesc 0x7fc320029bf0
mew0:64904:64938 [0] NCCL INFO proxyProgressAsync opId=0x7fc37b28efd0 op.type=3 op.reqBuff=0x7fc320029bc0 op.respSize=88 done
mew0:64904:64942 [0] NCCL INFO ncclPollProxyResponse Received new opId=0x7fc37b28efd0
mew0:64904:64938 [0] NCCL INFO Received and initiated operation=Setup res=0
mew0:64904:64942 [0] NCCL INFO resp.opId=0x7fc37b28efd0 matches expected opId=0x7fc37b28efd0
mew0:64904:64942 [0] NCCL INFO Channel 01/0 : 0[0] -> 1[1] via P2P/direct pointer/read
mew0:64904:64937 [1] NCCL INFO Allocated shareable buffer 0x406600000 size 6291456 ipcDesc 0x7fc33002b3d0
mew0:64904:64937 [1] NCCL INFO proxyProgressAsync opId=0x7fc380beb370 op.type=3 op.reqBuff=0x7fc33002b3a0 op.respSize=88 done
mew0:64904:64938 [0] NCCL INFO New proxy send connection 25 from local rank 0, transport 0
mew0:64904:64937 [1] NCCL INFO Received and initiated operation=Setup res=0
mew0:64904:64941 [1] NCCL INFO ncclPollProxyResponse Received new opId=0x7fc380beb370
mew0:64904:64938 [0] NCCL INFO proxyProgressAsync opId=0x7fc37b28efd0 op.type=1 op.reqBuff=0x7fc320029bc0 op.respSize=16 done
mew0:64904:64941 [1] NCCL INFO resp.opId=0x7fc380beb370 matches expected opId=0x7fc380beb370
mew0:64904:64942 [0] NCCL INFO ncclPollProxyResponse Received new opId=0x7fc37b28efd0
mew0:64904:64941 [1] NCCL INFO Channel 02/0 : 1[1] -> 0[0] via P2P/direct pointer/read
mew0:64904:64938 [0] NCCL INFO Received and initiated operation=Init res=0
mew0:64904:64942 [0] NCCL INFO resp.opId=0x7fc37b28efd0 matches expected opId=0x7fc37b28efd0
mew0:64904:64942 [0] NCCL INFO Connected to proxy localRank 0 -> connection 0x7fc3200018d8
mew0:64904:64937 [1] NCCL INFO New proxy send connection 26 from local rank 1, transport 0
