# Collective test starting: all_reduce_perf
# nThread 1 nGpus 2 minBytes 8388608 maxBytes 8589934592 step: 2(factor) warmup iters: 1 iters: 20 agg iters: 1 validation: 1 graph: 0
#
# Using devices
#  Rank  0 Group  0 Pid  65704 on       mew0 device  0 [0000:17:00] NVIDIA A100 80GB PCIe
#  Rank  1 Group  0 Pid  65704 on       mew0 device  1 [0000:65:00] NVIDIA A100 80GB PCIe
mew0:65704:65704 [0] NCCL INFO Bootstrap: Using eno8303:192.168.0.3<0>
mew0:65704:65704 [0] NCCL INFO cudaDriverVersion 13000
mew0:65704:65704 [0] NCCL INFO NCCL version 2.27.7+cuda13.0
mew0:65704:65704 [0] NCCL INFO init.cc:1798 Cuda Host Alloc Size 4 pointer 0x7f4049200000
mew0:65704:65704 [1] NCCL INFO init.cc:1798 Cuda Host Alloc Size 4 pointer 0x7f4049400000
mew0:65704:65723 [1] NCCL INFO NET/Plugin: Could not find: libnccl-net.so. 
mew0:65704:65723 [1] NCCL INFO dlvsym failed on mlx5dv_get_data_direct_sysfs_path - /lib/x86_64-linux-gnu/libmlx5.so: undefined symbol: mlx5dv_get_data_direct_sysfs_path, version MLX5_1.25 version MLX5_1.25
mew0:65704:65723 [1] NCCL INFO dlvsym failed on mlx5dv_reg_dmabuf_mr - /lib/x86_64-linux-gnu/libmlx5.so: undefined symbol: mlx5dv_reg_dmabuf_mr, version MLX5_1.25 version MLX5_1.25
mew0:65704:65723 [1] NCCL INFO NET/IB: [0] mlx5_0:uverbs0:1/RoCE provider=Mlx5 speed=100000 context=0x7f4027bafd40 pciPath=/sys/devices/pci0000:4a/0000:4a:02.0/0000:4b:00.0 ar=0
mew0:65704:65723 [1] NCCL INFO NET/IB : Made virtual device [0] name=mlx5_0 speed=100000 ndevs=1
mew0:65704:65723 [1] NCCL INFO NET/IB: [1] mlx5_1:uverbs1:1/RoCE provider=Mlx5 speed=100000 context=0x7f4027bf13d0 pciPath=/sys/devices/pci0000:4a/0000:4a:02.0/0000:4b:00.0 ar=0
mew0:65704:65723 [1] NCCL INFO NET/IB : Made virtual device [1] name=mlx5_1 speed=100000 ndevs=1
mew0:65704:65723 [1] NCCL INFO NET/IB : Using [0]mlx5_0:1/RoCE [1]mlx5_1:1/RoCE [RO]; OOB eno8303:192.168.0.3<0>
mew0:65704:65723 [1] NCCL INFO Initialized NET plugin IB
mew0:65704:65723 [1] NCCL INFO Assigned NET plugin IB to comm
mew0:65704:65723 [1] NCCL INFO Using network IB
mew0:65704:65722 [0] NCCL INFO Assigned NET plugin IB to comm
mew0:65704:65722 [0] NCCL INFO Using network IB
mew0:65704:65722 [0] NCCL INFO ncclCommInitRankConfig comm 0x55d5f5ac09e0 rank 0 nranks 2 cudaDev 0 nvmlDev 0 busId 17000 commId 0xde843772bfa53d08 - Init START
mew0:65704:65723 [1] NCCL INFO ncclCommInitRankConfig comm 0x55d5f5bca580 rank 1 nranks 2 cudaDev 1 nvmlDev 1 busId 65000 commId 0xde843772bfa53d08 - Init START
mew0:65704:65723 [1] NCCL INFO RAS network listening socket at 192.168.0.3<35385>
mew0:65704:65723 [1] NCCL INFO RAS client listening socket at ::1<28028>
mew0:65704:65723 [1] NCCL INFO Mem Realloc old size 0, new size 256 pointer 0x7f4027bafaf0
mew0:65704:65743 [0] NCCL INFO RAS thread started
mew0:65704:65743 [0] NCCL INFO Mem Realloc old size 0, new size 32 pointer 0x7f3fe8000bf0
mew0:65704:65723 [1] NCCL INFO Bootstrap timings total 0.001186 (create 0.000018, send 0.000108, recv 0.000316, ring 0.000021, delay 0.000000)
mew0:65704:65722 [0] NCCL INFO Bootstrap timings total 0.001209 (create 0.000031, send 0.000123, recv 0.000439, ring 0.000021, delay 0.000000)
mew0:65704:65743 [0] NCCL INFO RAS handling local addRanks request (old nRasPeers 0)
mew0:65704:65743 [0] NCCL INFO RAS finished local processing of addRanks request (new nRasPeers 1, nRankPeers 1)
mew0:65704:65743 [0] NCCL INFO RAS peer 0: socket 192.168.0.3<35385>, pid 65704, GPUs 0,1 [this process]
mew0:65704:65743 [0] NCCL INFO RAS peersHash 0x606ba9af78ebdddc
mew0:65704:65743 [0] NCCL INFO RAS handling local addRanks request (old nRasPeers 1)
mew0:65704:65743 [0] NCCL INFO RAS finished local processing of addRanks request (new nRasPeers 1, nRankPeers 0)
mew0:65704:65722 [0] NCCL INFO NCCL_TOPO_FILE set by environment to /home/zx/nccl-tests/topo_fail.xml
mew0:65704:65723 [1] NCCL INFO NCCL_TOPO_FILE set by environment to /home/zx/nccl-tests/topo_fail.xml
mew0:65704:65722 [0] NCCL INFO Loading topology file /home/zx/nccl-tests/topo_fail.xml
mew0:65704:65723 [1] NCCL INFO Loading topology file /home/zx/nccl-tests/topo_fail.xml
mew0:65704:65722 [0] NCCL INFO Loading unnamed topology
mew0:65704:65723 [1] NCCL INFO Loading unnamed topology
mew0:65704:65723 [1] NCCL INFO TOPO/NET : Importing network plugins to topology
mew0:65704:65723 [1] NCCL INFO Retrieving state for IB
mew0:65704:65723 [1] NCCL INFO Initialized state 0 for IB
mew0:65704:65723 [1] NCCL INFO NET/IB : GPU Direct RDMA Disabled for HCA 0 'mlx5_0'
mew0:65704:65723 [1] NCCL INFO ncclTopoPopulateNics : Filled mlx5_0 in topo with pciPath=/sys/devices/pci0000:4a/0000:4a:02.0/0000:4b:00.0 keep=1 coll=(null)
mew0:65704:65723 [1] NCCL INFO NET/IB : GPU Direct RDMA Disabled for HCA 1 'mlx5_1'
mew0:65704:65723 [1] NCCL INFO ncclTopoPopulateNics : Filled mlx5_1 in topo with pciPath=/sys/devices/pci0000:4a/0000:4a:02.0/0000:4b:00.0 keep=1 coll=(null)
mew0:65704:65722 [0] NCCL INFO TOPO/NET : Importing network plugins to topology
mew0:65704:65722 [0] NCCL INFO Retrieving state for IB
mew0:65704:65722 [0] NCCL INFO NET/IB : GPU Direct RDMA Disabled for HCA 0 'mlx5_0'
mew0:65704:65722 [0] NCCL INFO ncclTopoPopulateNics : Filled mlx5_0 in topo with pciPath=/sys/devices/pci0000:4a/0000:4a:02.0/0000:4b:00.0 keep=1 coll=(null)
mew0:65704:65722 [0] NCCL INFO NET/IB : GPU Direct RDMA Disabled for HCA 1 'mlx5_1'
mew0:65704:65722 [0] NCCL INFO ncclTopoPopulateNics : Filled mlx5_1 in topo with pciPath=/sys/devices/pci0000:4a/0000:4a:02.0/0000:4b:00.0 keep=1 coll=(null)
mew0:65704:65723 [1] NCCL INFO NCCL_TOPO_FILE set by environment to /home/zx/nccl-tests/topo_fail.xml
mew0:65704:65723 [1] NCCL INFO Loading topology file /home/zx/nccl-tests/topo_fail.xml
mew0:65704:65723 [1] NCCL INFO Loading unnamed topology
mew0:65704:65723 [1] NCCL INFO TOPO/NET : Importing network plugins to topology
mew0:65704:65723 [1] NCCL INFO Retrieving state for IB
mew0:65704:65723 [1] NCCL INFO NET/IB : GPU Direct RDMA Disabled for HCA 0 'mlx5_0'
mew0:65704:65723 [1] NCCL INFO ncclTopoPopulateNics : Filled mlx5_0 in topo with pciPath=/sys/devices/pci0000:4a/0000:4a:02.0/0000:4b:00.0 keep=1 coll=(null)
mew0:65704:65723 [1] NCCL INFO NET/IB : GPU Direct RDMA Disabled for HCA 1 'mlx5_1'
mew0:65704:65723 [1] NCCL INFO ncclTopoPopulateNics : Filled mlx5_1 in topo with pciPath=/sys/devices/pci0000:4a/0000:4a:02.0/0000:4b:00.0 keep=1 coll=(null)
mew0:65704:65723 [1] NCCL INFO NET/IB : Made virtual device [2] name=mlx5_0+mlx5_1 speed=200000 ndevs=2
mew0:65704:65723 [1] NCCL INFO TOPO/NET : Made vNic 2
mew0:65704:65723 [1] NCCL INFO TOPO/NET : Changing IB dev index from 0 to 2
mew0:65704:65723 [1] NCCL INFO NET/IB : GPU Direct RDMA Disabled for HCA 2 'mlx5_0+mlx5_1'
mew0:65704:65723 [1] NCCL INFO ncclTopoPopulateNics : Filled mlx5_0+mlx5_1 in topo with pciPath=/sys/devices/pci0000:4a/0000:4a:02.0/0000:4b:00.0 keep=1 coll=(null)
mew0:65704:65722 [0] NCCL INFO NCCL_TOPO_DUMP_FILE set by environment to nccl_topo_dump.xml
mew0:65704:65722 [0] NCCL INFO NCCL_TOPO_FILE set by environment to /home/zx/nccl-tests/topo_fail.xml
mew0:65704:65722 [0] NCCL INFO Loading topology file /home/zx/nccl-tests/topo_fail.xml
mew0:65704:65722 [0] NCCL INFO Loading unnamed topology
mew0:65704:65722 [0] NCCL INFO TOPO/NET : Importing network plugins to topology
mew0:65704:65722 [0] NCCL INFO Retrieving state for IB
mew0:65704:65722 [0] NCCL INFO NET/IB : GPU Direct RDMA Disabled for HCA 0 'mlx5_0'
mew0:65704:65722 [0] NCCL INFO ncclTopoPopulateNics : Filled mlx5_0 in topo with pciPath=/sys/devices/pci0000:4a/0000:4a:02.0/0000:4b:00.0 keep=1 coll=(null)
mew0:65704:65722 [0] NCCL INFO NET/IB : GPU Direct RDMA Disabled for HCA 1 'mlx5_1'
mew0:65704:65722 [0] NCCL INFO ncclTopoPopulateNics : Filled mlx5_1 in topo with pciPath=/sys/devices/pci0000:4a/0000:4a:02.0/0000:4b:00.0 keep=1 coll=(null)
mew0:65704:65722 [0] NCCL INFO TOPO/NET : Changing IB dev index from 0 to 2
mew0:65704:65722 [0] NCCL INFO NET/IB : GPU Direct RDMA Disabled for HCA 2 'mlx5_0+mlx5_1'
mew0:65704:65722 [0] NCCL INFO ncclTopoPopulateNics : Filled mlx5_0+mlx5_1 in topo with pciPath=/sys/devices/pci0000:4a/0000:4a:02.0/0000:4b:00.0 keep=1 coll=(null)
mew0:65704:65723 [1] NCCL INFO === System : maxBw 240.0 totalBw 240.0 ===
mew0:65704:65723 [1] NCCL INFO CPU/0-0 (1/1/2)
mew0:65704:65723 [1] NCCL INFO + PCI[24.0] - GPU/0-17000 (0)
mew0:65704:65723 [1] NCCL INFO               + NVL[20.0] - GPU/0-65000
mew0:65704:65723 [1] NCCL INFO + PCI[24.0] - NIC/0-4b000
mew0:65704:65723 [1] NCCL INFO + PCI[24.0] - GPU/0-65000 (1)
mew0:65704:65723 [1] NCCL INFO               + NVL[240.0] - GPU/0-17000
mew0:65704:65723 [1] NCCL INFO ==========================================
mew0:65704:65723 [1] NCCL INFO GPU/0-17000 :GPU/0-17000 (0/5000.0/LOC) GPU/0-65000 (1/240.0/NVL) CPU/0-0 (1/24.0/PHB) 
mew0:65704:65723 [1] NCCL INFO GPU/0-65000 :GPU/0-17000 (1/20.0/NVL) GPU/0-65000 (0/5000.0/LOC) CPU/0-0 (1/24.0/PHB) 
mew0:65704:65723 [1] NCCL INFO Setting affinity for GPU 1 to 0,2,4,6,8,10,12,14,16,18,20,22,24,26,28,30,32,34,36,38,40,42,44,46,48,50,52,54,56,58,60,62
mew0:65704:65723 [1] NCCL INFO Pattern 4, crossNic 0, nChannels 1, bw 20.000000/20.000000, type NVL/PIX, sameChannels 1
mew0:65704:65723 [1] NCCL INFO  0 : GPU/0-17000 GPU/0-65000
mew0:65704:65723 [1] NCCL INFO Pattern 1, crossNic 0, nChannels 1, bw 40.000000/40.000000, type NVL/PIX, sameChannels 1
mew0:65704:65723 [1] NCCL INFO  0 : GPU/0-65000 GPU/0-17000
mew0:65704:65722 [0] NCCL INFO === System : maxBw 240.0 totalBw 240.0 ===
mew0:65704:65722 [0] NCCL INFO CPU/0-0 (1/1/2)
mew0:65704:65722 [0] NCCL INFO + PCI[24.0] - GPU/0-17000 (0)
mew0:65704:65722 [0] NCCL INFO               + NVL[20.0] - GPU/0-65000
mew0:65704:65722 [0] NCCL INFO + PCI[24.0] - NIC/0-4b000
mew0:65704:65722 [0] NCCL INFO + PCI[24.0] - GPU/0-65000 (1)
mew0:65704:65722 [0] NCCL INFO               + NVL[240.0] - GPU/0-17000
mew0:65704:65722 [0] NCCL INFO ==========================================
mew0:65704:65722 [0] NCCL INFO GPU/0-17000 :GPU/0-17000 (0/5000.0/LOC) GPU/0-65000 (1/240.0/NVL) CPU/0-0 (1/24.0/PHB) 
mew0:65704:65722 [0] NCCL INFO GPU/0-65000 :GPU/0-17000 (1/20.0/NVL) GPU/0-65000 (0/5000.0/LOC) CPU/0-0 (1/24.0/PHB) 
mew0:65704:65722 [0] NCCL INFO Setting affinity for GPU 0 to 0,2,4,6,8,10,12,14,16,18,20,22,24,26,28,30,32,34,36,38,40,42,44,46,48,50,52,54,56,58,60,62
mew0:65704:65722 [0] NCCL INFO Pattern 4, crossNic 0, nChannels 1, bw 20.000000/20.000000, type NVL/PIX, sameChannels 1
mew0:65704:65722 [0] NCCL INFO  0 : GPU/0-17000 GPU/0-65000
mew0:65704:65722 [0] NCCL INFO Pattern 1, crossNic 0, nChannels 1, bw 40.000000/40.000000, type NVL/PIX, sameChannels 1
mew0:65704:65722 [0] NCCL INFO  0 : GPU/0-65000 GPU/0-17000
mew0:65704:65722 [0] NCCL INFO comm 0x55d5f5ac09e0 rank 0 nRanks 2 nNodes 1 localRanks 2 localRank 0 MNNVL 0
mew0:65704:65723 [1] NCCL INFO comm 0x55d5f5bca580 rank 1 nRanks 2 nNodes 1 localRanks 2 localRank 1 MNNVL 0
mew0:65704:65723 [1] NCCL INFO Tree 0 : -1 -> 1 -> 0/-1/-1
mew0:65704:65723 [1] NCCL INFO Tree 1 : -1 -> 1 -> 0/-1/-1
mew0:65704:65722 [0] NCCL INFO Tree 0 : 1 -> 0 -> -1/-1/-1
mew0:65704:65722 [0] NCCL INFO Tree 1 : 1 -> 0 -> -1/-1/-1
mew0:65704:65723 [1] NCCL INFO Ring 00 : 0 -> 1 -> 0
mew0:65704:65723 [1] NCCL INFO Ring 01 : 0 -> 1 -> 0
mew0:65704:65723 [1] NCCL INFO Trees [0] 0/-1/-1->1->-1 [1] 0/-1/-1->1->-1
mew0:65704:65723 [1] NCCL INFO P2P Chunksize set to 524288
mew0:65704:65722 [0] NCCL INFO Channel 00/02 : 0 1
mew0:65704:65722 [0] NCCL INFO Channel 01/02 : 0 1
mew0:65704:65722 [0] NCCL INFO Ring 00 : 1 -> 0 -> 1
mew0:65704:65722 [0] NCCL INFO Ring 01 : 1 -> 0 -> 1
mew0:65704:65722 [0] NCCL INFO Trees [0] -1/-1/-1->0->1 [1] -1/-1/-1->0->1
mew0:65704:65722 [0] NCCL INFO P2P Chunksize set to 524288
mew0:65704:65723 [1] NCCL INFO PROFILER/Plugin: Could not find: libnccl-profiler.so. 
mew0:65704:65723 [1] NCCL INFO UDS: Creating service thread comm 0x55d5f5bca580 rank 1
mew0:65704:65744 [1] NCCL INFO [Proxy Service] Device 1 CPU core 52
mew0:65704:65722 [0] NCCL INFO PROFILER/Plugin: Could not find: libnccl-profiler.so. 
mew0:65704:65722 [0] NCCL INFO Check P2P Type isAllDirectP2p 1 directMode 1
mew0:65704:65723 [1] NCCL INFO misc/utils.cc:233 memory stack hunk malloc(65536)
mew0:65704:65745 [1] NCCL INFO [Proxy Service UDS] Device 1 CPU core 22
mew0:65704:65722 [0] NCCL INFO UDS: Creating service thread comm 0x55d5f5ac09e0 rank 0
mew0:65704:65746 [0] NCCL INFO [Proxy Service] Device 0 CPU core 58
mew0:65704:65722 [0] NCCL INFO misc/utils.cc:233 memory stack hunk malloc(65536)
mew0:65704:65747 [0] NCCL INFO [Proxy Service UDS] Device 0 CPU core 30
mew0:65704:65723 [1] NCCL INFO channel.cc:42 Cuda Alloc Size 1216 pointer 0x7f4036e00000
mew0:65704:65722 [0] NCCL INFO channel.cc:42 Cuda Alloc Size 1216 pointer 0x7f4037000000
mew0:65704:65723 [1] NCCL INFO channel.cc:45 Cuda Alloc Size 40 pointer 0x7f4037200000
mew0:65704:65722 [0] NCCL INFO channel.cc:45 Cuda Alloc Size 40 pointer 0x7f4037400000
mew0:65704:65723 [1] NCCL INFO channel.cc:56 Cuda Alloc Size 8 pointer 0x7f4037600000
mew0:65704:65722 [0] NCCL INFO channel.cc:56 Cuda Alloc Size 8 pointer 0x7f4037800000
mew0:65704:65723 [1] NCCL INFO channel.cc:42 Cuda Alloc Size 1216 pointer 0x7f4037a00000
mew0:65704:65722 [0] NCCL INFO channel.cc:42 Cuda Alloc Size 1216 pointer 0x7f4037c00000
mew0:65704:65723 [1] NCCL INFO channel.cc:45 Cuda Alloc Size 40 pointer 0x7f4037e00000
mew0:65704:65722 [0] NCCL INFO channel.cc:45 Cuda Alloc Size 40 pointer 0x7f4038000000
mew0:65704:65723 [1] NCCL INFO channel.cc:56 Cuda Alloc Size 8 pointer 0x7f4038200000
mew0:65704:65723 [1] NCCL INFO threadThresholds 8/8/64 | 16/8/64 | 512 | 512
mew0:65704:65723 [1] NCCL INFO 2 coll channels, 2 collnet channels, 0 nvls channels, 2 p2p channels, 2 p2p channels per peer
mew0:65704:65722 [0] NCCL INFO channel.cc:56 Cuda Alloc Size 8 pointer 0x7f4038400000
mew0:65704:65722 [0] NCCL INFO   Algorithm   |                            Tree                  |                            Ring                  |                   CollNetDirect                  |
mew0:65704:65722 [0] NCCL INFO   Protocol    |             LL |          LL128 |         Simple |             LL |          LL128 |         Simple |             LL |          LL128 |         Simple |
mew0:65704:65722 [0] NCCL INFO  Max NThreads |            512 |            640 |            512 |            512 |            640 |            512 |              0 |              0 |            640 |
mew0:65704:65722 [0] NCCL INFO     Broadcast |     0.0/   0.0 |     0.0/   0.0 |     0.0/   0.0 |     7.2/  10.0 |    15.9/  18.4 |    11.8/  20.0 |     0.0/   0.0 |     0.0/   0.0 |     0.0/   0.0 |
mew0:65704:65722 [0] NCCL INFO        Reduce |     0.0/   0.0 |     0.0/   0.0 |     0.0/   0.0 |     7.2/  10.0 |    15.9/  18.4 |    11.8/  20.0 |     0.0/   0.0 |     0.0/   0.0 |     0.0/   0.0 |
mew0:65704:65722 [0] NCCL INFO     AllGather |     0.0/   0.0 |     0.0/   0.0 |     0.0/   0.0 |     7.2/  20.0 |    15.9/  36.8 |    11.8/  40.0 |     0.8/   0.0 |     0.8/   0.0 |    39.2/   0.0 |
mew0:65704:65722 [0] NCCL INFO ReduceScatter |     0.0/   0.0 |     0.0/   0.0 |     0.0/   0.0 |     7.2/  20.0 |    15.9/  36.8 |    11.8/  40.0 |     0.8/   0.0 |     0.8/   0.0 |    39.2/   0.0 |
mew0:65704:65722 [0] NCCL INFO     AllReduce |     8.0/   3.2 |    16.5/   9.3 |    16.4/  12.0 |     7.8/  10.0 |    17.8/  18.4 |    15.2/  20.0 |     0.8/   0.0 |     0.8/   0.0 |    39.2/   0.0 |
mew0:65704:65722 [0] NCCL INFO   Algorithm   |                    CollNetChain                  |                            NVLS                  |                        NVLSTree                  |
mew0:65704:65722 [0] NCCL INFO   Protocol    |             LL |          LL128 |         Simple |             LL |          LL128 |         Simple |             LL |          LL128 |         Simple |
mew0:65704:65722 [0] NCCL INFO  Max NThreads |              0 |              0 |            640 |              0 |              0 |            640 |              0 |              0 |            640 |
mew0:65704:65722 [0] NCCL INFO     Broadcast |     0.0/   0.0 |     0.0/   0.0 |     0.0/   0.0 |     0.0/   0.0 |     0.0/   0.0 |     0.0/   0.0 |     0.0/   0.0 |     0.0/   0.0 |     0.0/   0.0 |
mew0:65704:65722 [0] NCCL INFO        Reduce |     0.0/   0.0 |     0.0/   0.0 |     0.0/   0.0 |     0.0/   0.0 |     0.0/   0.0 |     0.0/   0.0 |     0.0/   0.0 |     0.0/   0.0 |     0.0/   0.0 |
mew0:65704:65722 [0] NCCL INFO     AllGather |     0.0/   0.0 |     0.0/   0.0 |     0.0/   0.0 |     0.0/   0.0 |     0.0/   0.0 |     0.0/   0.0 |     0.0/   0.0 |     0.0/   0.0 |     0.0/   0.0 |
mew0:65704:65722 [0] NCCL INFO ReduceScatter |     0.0/   0.0 |     0.0/   0.0 |     0.0/   0.0 |     0.0/   0.0 |     0.0/   0.0 |     0.0/   0.0 |     0.0/   0.0 |     0.0/   0.0 |     0.0/   0.0 |
mew0:65704:65722 [0] NCCL INFO     AllReduce |     0.0/   0.0 |     0.0/   0.0 |    35.6/   0.0 |     0.0/   0.0 |     0.0/   0.0 |     0.0/   0.0 |     0.0/   0.0 |     0.0/   0.0 |     0.0/   0.0 |
mew0:65704:65722 [0] NCCL INFO   Algorithm   |                             PAT                  |
mew0:65704:65722 [0] NCCL INFO   Protocol    |             LL |          LL128 |         Simple |             LL |          LL128 |         Simple |             LL |          LL128 |         Simple |
mew0:65704:65722 [0] NCCL INFO  Max NThreads |              0 |              0 |              0 |
mew0:65704:65722 [0] NCCL INFO     Broadcast |     0.0/   0.0 |     0.0/   0.0 |     0.0/   0.0 |
mew0:65704:65722 [0] NCCL INFO        Reduce |     0.0/   0.0 |     0.0/   0.0 |     0.0/   0.0 |
mew0:65704:65722 [0] NCCL INFO     AllGather |     0.0/   0.0 |     0.0/   0.0 |     0.0/   0.0 |
mew0:65704:65722 [0] NCCL INFO ReduceScatter |     0.0/   0.0 |     0.0/   0.0 |     0.0/   0.0 |
mew0:65704:65722 [0] NCCL INFO     AllReduce |     0.0/   0.0 |     0.0/   0.0 |     0.0/   0.0 |
mew0:65704:65722 [0] NCCL INFO threadThresholds 8/8/64 | 16/8/64 | 512 | 512
mew0:65704:65722 [0] NCCL INFO 2 coll channels, 2 collnet channels, 0 nvls channels, 2 p2p channels, 2 p2p channels per peer
mew0:65704:65723 [1] NCCL INFO init.cc:447 Cuda Alloc Size 23648 pointer 0x7f4038600000
mew0:65704:65722 [0] NCCL INFO init.cc:447 Cuda Alloc Size 23648 pointer 0x7f4038800000
mew0:65704:65723 [1] NCCL INFO init.cc:449 Cuda Alloc Size 8 pointer 0x7f4038a00000
mew0:65704:65722 [0] NCCL INFO init.cc:449 Cuda Alloc Size 8 pointer 0x7f4038c00000
mew0:65704:65722 [0] NCCL INFO CC Off, workFifoBytes 1048576
mew0:65704:65723 [1] NCCL INFO init.cc:491 Cuda Host Alloc Size 1048576 pointer 0x7f4049400200
mew0:65704:65723 [1] NCCL INFO init.cc:501 Cuda Host Alloc Size 65536 pointer 0x7f4049500200
mew0:65704:65723 [1] NCCL INFO init.cc:502 Cuda Host Alloc Size 65536 pointer 0x7f4049510200
mew0:65704:65722 [0] NCCL INFO init.cc:491 Cuda Host Alloc Size 1048576 pointer 0x7f4049200200
mew0:65704:65722 [0] NCCL INFO init.cc:501 Cuda Host Alloc Size 65536 pointer 0x7f4049300200
mew0:65704:65722 [0] NCCL INFO init.cc:502 Cuda Host Alloc Size 65536 pointer 0x7f4049310200
mew0:65704:65723 [1] NCCL INFO TUNER/Plugin: Could not find: libnccl-tuner.so. Using internal tuner plugin.
mew0:65704:65723 [1] NCCL INFO ncclCommInitRankConfig comm 0x55d5f5bca580 rank 1 nranks 2 cudaDev 1 nvmlDev 1 busId 65000 commId 0xde843772bfa53d08 - Init COMPLETE
mew0:65704:65723 [1] NCCL INFO Init timings - ncclCommInitRankConfig: rank 1 nranks 2 total 0.61 (kernels 0.53, alloc 0.05, bootstrap 0.00, allgathers 0.00, topo 0.01, graphs 0.00, connections 0.01, rest 0.00)
mew0:65704:65722 [0] NCCL INFO ncclCommInitRankConfig comm 0x55d5f5ac09e0 rank 0 nranks 2 cudaDev 0 nvmlDev 0 busId 17000 commId 0xde843772bfa53d08 - Init COMPLETE
mew0:65704:65722 [0] NCCL INFO Init timings - ncclCommInitRankConfig: rank 0 nranks 2 total 0.61 (kernels 0.53, alloc 0.05, bootstrap 0.00, allgathers 0.00, topo 0.02, graphs 0.00, connections 0.01, rest 0.00)
#
#                                                              out-of-place                       in-place          
#       size         count      type   redop    root     time   algbw   busbw #wrong     time   algbw   busbw #wrong
#        (B)    (elements)                               (us)  (GB/s)  (GB/s)            (us)  (GB/s)  (GB/s)       
mew0:65704:65704 [0] NCCL INFO AllReduce: opCount 0 sendbuff 0x720000000 recvbuff 0x920000000 count 2097152 datatype 7 op 0 root 0 comm 0x55d5f5ac09e0 [nranks=2] stream 0x55d5f4d50b60
mew0:65704:65704 [0] NCCL INFO misc/utils.cc:233 memory stack hunk malloc(65536)
mew0:65704:65704 [0] NCCL INFO AllReduce: opCount 0 sendbuff 0xd20000000 recvbuff 0xf20000000 count 2097152 datatype 7 op 0 root 0 comm 0x55d5f5bca580 [nranks=2] stream 0x55d5f5ab57f0
mew0:65704:65704 [0] NCCL INFO misc/utils.cc:233 memory stack hunk malloc(65536)
mew0:65704:65744 [1] NCCL INFO Mem Realloc old size 0, new size 8 pointer 0x7f3fdc000d00
mew0:65704:65744 [1] NCCL INFO New proxy recv connection 0 from local rank 1, transport 0
mew0:65704:65744 [1] NCCL INFO proxyProgressAsync opId=0x7f402f3f43d0 op.type=1 op.reqBuff=0x7f3fdc000cc0 op.respSize=16 done
mew0:65704:65746 [0] NCCL INFO Mem Realloc old size 0, new size 8 pointer 0x7f3fd8000d00
mew0:65704:65748 [1] NCCL INFO ncclPollProxyResponse Received new opId=0x7f402f3f43d0
mew0:65704:65748 [1] NCCL INFO resp.opId=0x7f402f3f43d0 matches expected opId=0x7f402f3f43d0
mew0:65704:65748 [1] NCCL INFO Connected to proxy localRank 1 -> connection 0x7f3fdc000d20
mew0:65704:65744 [1] NCCL INFO Received and initiated operation=Init res=0
mew0:65704:65746 [0] NCCL INFO New proxy recv connection 0 from local rank 0, transport 0
mew0:65704:65746 [0] NCCL INFO proxyProgressAsync opId=0x7f4027ba9dd0 op.type=1 op.reqBuff=0x7f3fd8000cc0 op.respSize=16 done
mew0:65704:65749 [0] NCCL INFO ncclPollProxyResponse Received new opId=0x7f4027ba9dd0
mew0:65704:65749 [0] NCCL INFO resp.opId=0x7f4027ba9dd0 matches expected opId=0x7f4027ba9dd0
mew0:65704:65749 [0] NCCL INFO Connected to proxy localRank 0 -> connection 0x7f3fd8000d20
mew0:65704:65746 [0] NCCL INFO Received and initiated operation=Init res=0
mew0:65704:65744 [1] NCCL INFO Allocated shareable buffer 0x7f4038e00000 size 6291456 ipcDesc 0x7f3fdc0049a0
mew0:65704:65744 [1] NCCL INFO proxyProgressAsync opId=0x7f402f3f43d0 op.type=3 op.reqBuff=0x7f3fdc004970 op.respSize=88 done
mew0:65704:65748 [1] NCCL INFO ncclPollProxyResponse Received new opId=0x7f402f3f43d0
mew0:65704:65746 [0] NCCL INFO Allocated shareable buffer 0x7f4039400000 size 6291456 ipcDesc 0x7f3fd80049a0
mew0:65704:65744 [1] NCCL INFO Received and initiated operation=Setup res=0
mew0:65704:65748 [1] NCCL INFO resp.opId=0x7f402f3f43d0 matches expected opId=0x7f402f3f43d0
mew0:65704:65746 [0] NCCL INFO proxyProgressAsync opId=0x7f4027ba9dd0 op.type=3 op.reqBuff=0x7f3fd8004970 op.respSize=88 done
mew0:65704:65749 [0] NCCL INFO ncclPollProxyResponse Received new opId=0x7f4027ba9dd0
mew0:65704:65746 [0] NCCL INFO Received and initiated operation=Setup res=0
mew0:65704:65749 [0] NCCL INFO resp.opId=0x7f4027ba9dd0 matches expected opId=0x7f4027ba9dd0
mew0:65704:65744 [1] NCCL INFO New proxy recv connection 1 from local rank 1, transport 0
mew0:65704:65744 [1] NCCL INFO proxyProgressAsync opId=0x7f402f3f43d0 op.type=1 op.reqBuff=0x7f3fdc006270 op.respSize=16 done
mew0:65704:65748 [1] NCCL INFO ncclPollProxyResponse Received new opId=0x7f402f3f43d0
mew0:65704:65744 [1] NCCL INFO Received and initiated operation=Init res=0
mew0:65704:65748 [1] NCCL INFO resp.opId=0x7f402f3f43d0 matches expected opId=0x7f402f3f43d0
mew0:65704:65748 [1] NCCL INFO Connected to proxy localRank 1 -> connection 0x7f3fdc000d98
mew0:65704:65746 [0] NCCL INFO New proxy recv connection 1 from local rank 0, transport 0
mew0:65704:65746 [0] NCCL INFO proxyProgressAsync opId=0x7f4027ba9dd0 op.type=1 op.reqBuff=0x7f3fd8006270 op.respSize=16 done
mew0:65704:65749 [0] NCCL INFO ncclPollProxyResponse Received new opId=0x7f4027ba9dd0
mew0:65704:65746 [0] NCCL INFO Received and initiated operation=Init res=0
mew0:65704:65749 [0] NCCL INFO resp.opId=0x7f4027ba9dd0 matches expected opId=0x7f4027ba9dd0
mew0:65704:65749 [0] NCCL INFO Connected to proxy localRank 0 -> connection 0x7f3fd8000d98
mew0:65704:65744 [1] NCCL INFO Allocated shareable buffer 0x7f4039a00000 size 6291456 ipcDesc 0x7f3fdc006320
mew0:65704:65744 [1] NCCL INFO proxyProgressAsync opId=0x7f402f3f43d0 op.type=3 op.reqBuff=0x7f3fdc0062f0 op.respSize=88 done
mew0:65704:65748 [1] NCCL INFO ncclPollProxyResponse Received new opId=0x7f402f3f43d0
mew0:65704:65744 [1] NCCL INFO Received and initiated operation=Setup res=0
mew0:65704:65748 [1] NCCL INFO resp.opId=0x7f402f3f43d0 matches expected opId=0x7f402f3f43d0
mew0:65704:65748 [1] NCCL INFO Channel 00/0 : 1[1] -> 0[0] via P2P/direct pointer/read
mew0:65704:65746 [0] NCCL INFO Allocated shareable buffer 0x7f403a000000 size 6291456 ipcDesc 0x7f3fd8006320
mew0:65704:65746 [0] NCCL INFO proxyProgressAsync opId=0x7f4027ba9dd0 op.type=3 op.reqBuff=0x7f3fd80062f0 op.respSize=88 done
mew0:65704:65749 [0] NCCL INFO ncclPollProxyResponse Received new opId=0x7f4027ba9dd0
mew0:65704:65746 [0] NCCL INFO Received and initiated operation=Setup res=0
mew0:65704:65749 [0] NCCL INFO resp.opId=0x7f4027ba9dd0 matches expected opId=0x7f4027ba9dd0
mew0:65704:65744 [1] NCCL INFO New proxy send connection 2 from local rank 1, transport 0
mew0:65704:65744 [1] NCCL INFO proxyProgressAsync opId=0x7f402f3f43d0 op.type=1 op.reqBuff=0x7f3fdc007b90 op.respSize=16 done
mew0:65704:65749 [0] NCCL INFO Channel 00/0 : 0[0] -> 1[1] via P2P/direct pointer/read
mew0:65704:65748 [1] NCCL INFO ncclPollProxyResponse Received new opId=0x7f402f3f43d0
mew0:65704:65744 [1] NCCL INFO Received and initiated operation=Init res=0
mew0:65704:65748 [1] NCCL INFO resp.opId=0x7f402f3f43d0 matches expected opId=0x7f402f3f43d0
mew0:65704:65748 [1] NCCL INFO Connected to proxy localRank 1 -> connection 0x7f3fdc000e10
mew0:65704:65746 [0] NCCL INFO New proxy send connection 2 from local rank 0, transport 0
mew0:65704:65746 [0] NCCL INFO proxyProgressAsync opId=0x7f4027ba9dd0 op.type=1 op.reqBuff=0x7f3fd8007b90 op.respSize=16 done
mew0:65704:65749 [0] NCCL INFO ncclPollProxyResponse Received new opId=0x7f4027ba9dd0
mew0:65704:65746 [0] NCCL INFO Received and initiated operation=Init res=0
mew0:65704:65749 [0] NCCL INFO resp.opId=0x7f4027ba9dd0 matches expected opId=0x7f4027ba9dd0
mew0:65704:65749 [0] NCCL INFO Connected to proxy localRank 0 -> connection 0x7f3fd8000e10
mew0:65704:65744 [1] NCCL INFO Allocated shareable buffer 0x7f403a600000 size 6291456 ipcDesc 0x7f3fdc007c20
mew0:65704:65744 [1] NCCL INFO proxyProgressAsync opId=0x7f402f3f43d0 op.type=3 op.reqBuff=0x7f3fdc007bb0 op.respSize=88 done
mew0:65704:65748 [1] NCCL INFO ncclPollProxyResponse Received new opId=0x7f402f3f43d0
mew0:65704:65744 [1] NCCL INFO Received and initiated operation=Setup res=0
mew0:65704:65748 [1] NCCL INFO resp.opId=0x7f402f3f43d0 matches expected opId=0x7f402f3f43d0
mew0:65704:65748 [1] NCCL INFO Channel 01/0 : 1[1] -> 0[0] via P2P/direct pointer/read
mew0:65704:65746 [0] NCCL INFO Allocated shareable buffer 0x7f403ac00000 size 6291456 ipcDesc 0x7f3fd8007c20
mew0:65704:65746 [0] NCCL INFO proxyProgressAsync opId=0x7f4027ba9dd0 op.type=3 op.reqBuff=0x7f3fd8007bb0 op.respSize=88 done
mew0:65704:65744 [1] NCCL INFO New proxy send connection 3 from local rank 1, transport 0
mew0:65704:65744 [1] NCCL INFO proxyProgressAsync opId=0x7f402f3f43d0 op.type=1 op.reqBuff=0x7f3fdc007bb0 op.respSize=16 done
mew0:65704:65749 [0] NCCL INFO ncclPollProxyResponse Received new opId=0x7f4027ba9dd0
mew0:65704:65748 [1] NCCL INFO ncclPollProxyResponse Received new opId=0x7f402f3f43d0
mew0:65704:65744 [1] NCCL INFO Received and initiated operation=Init res=0
mew0:65704:65748 [1] NCCL INFO resp.opId=0x7f402f3f43d0 matches expected opId=0x7f402f3f43d0
mew0:65704:65748 [1] NCCL INFO Connected to proxy localRank 1 -> connection 0x7f3fdc000e88
mew0:65704:65749 [0] NCCL INFO resp.opId=0x7f4027ba9dd0 matches expected opId=0x7f4027ba9dd0
mew0:65704:65749 [0] NCCL INFO Channel 01/0 : 0[0] -> 1[1] via P2P/direct pointer/read
mew0:65704:65746 [0] NCCL INFO Received and initiated operation=Setup res=0
mew0:65704:65746 [0] NCCL INFO New proxy send connection 3 from local rank 0, transport 0
mew0:65704:65746 [0] NCCL INFO proxyProgressAsync opId=0x7f4027ba9dd0 op.type=1 op.reqBuff=0x7f3fd8007bb0 op.respSize=16 done
mew0:65704:65749 [0] NCCL INFO ncclPollProxyResponse Received new opId=0x7f4027ba9dd0
mew0:65704:65746 [0] NCCL INFO Received and initiated operation=Init res=0
mew0:65704:65749 [0] NCCL INFO resp.opId=0x7f4027ba9dd0 matches expected opId=0x7f4027ba9dd0
mew0:65704:65749 [0] NCCL INFO Connected to proxy localRank 0 -> connection 0x7f3fd8000e88
mew0:65704:65744 [1] NCCL INFO Allocated shareable buffer 0x7f403b200000 size 6291456 ipcDesc 0x7f3fdc009500
mew0:65704:65744 [1] NCCL INFO proxyProgressAsync opId=0x7f402f3f43d0 op.type=3 op.reqBuff=0x7f3fdc009490 op.respSize=88 done
mew0:65704:65748 [1] NCCL INFO ncclPollProxyResponse Received new opId=0x7f402f3f43d0
mew0:65704:65744 [1] NCCL INFO Received and initiated operation=Setup res=0
mew0:65704:65748 [1] NCCL INFO resp.opId=0x7f402f3f43d0 matches expected opId=0x7f402f3f43d0
mew0:65704:65746 [0] NCCL INFO Allocated shareable buffer 0x7f403b800000 size 6291456 ipcDesc 0x7f3fd8009500
mew0:65704:65746 [0] NCCL INFO proxyProgressAsync opId=0x7f4027ba9dd0 op.type=3 op.reqBuff=0x7f3fd8009490 op.respSize=88 done
mew0:65704:65749 [0] NCCL INFO ncclPollProxyResponse Received new opId=0x7f4027ba9dd0
mew0:65704:65746 [0] NCCL INFO Received and initiated operation=Setup res=0
mew0:65704:65749 [0] NCCL INFO resp.opId=0x7f4027ba9dd0 matches expected opId=0x7f4027ba9dd0
mew0:65704:65749 [0] NCCL INFO Connected all rings, use ring PXN 0 GDR 1
mew0:65704:65748 [1] NCCL INFO Connected all rings, use ring PXN 0 GDR 1
mew0:65704:65704 [0] NCCL INFO AllReduce: 8388608 Bytes -> Algo RING proto SIMPLE channel{Lo..Hi}={0..1}
mew0:65704:65704 [0] NCCL INFO AllReduce: opCount 0 sendbuff 0x720000000 recvbuff 0x920000000 count 4194304 datatype 7 op 0 root 0 comm 0x55d5f5ac09e0 [nranks=2] stream 0x55d5f4d50b60
mew0:65704:65704 [0] NCCL INFO AllReduce: opCount 0 sendbuff 0xd20000000 recvbuff 0xf20000000 count 4194304 datatype 7 op 0 root 0 comm 0x55d5f5bca580 [nranks=2] stream 0x55d5f5ab57f0
mew0:65704:65704 [0] NCCL INFO AllReduce: 16777216 Bytes -> Algo RING proto SIMPLE channel{Lo..Hi}={0..1}
mew0:65704:65704 [0] NCCL INFO AllReduce: opCount 0 sendbuff 0x720000000 recvbuff 0x920000000 count 8388608 datatype 7 op 0 root 0 comm 0x55d5f5ac09e0 [nranks=2] stream 0x55d5f4d50b60
mew0:65704:65704 [0] NCCL INFO AllReduce: opCount 0 sendbuff 0xd20000000 recvbuff 0xf20000000 count 8388608 datatype 7 op 0 root 0 comm 0x55d5f5bca580 [nranks=2] stream 0x55d5f5ab57f0
mew0:65704:65704 [0] NCCL INFO AllReduce: 33554432 Bytes -> Algo RING proto SIMPLE channel{Lo..Hi}={0..1}
mew0:65704:65704 [0] NCCL INFO AllReduce: opCount 0 sendbuff 0x720000000 recvbuff 0x920000000 count 16777216 datatype 7 op 0 root 0 comm 0x55d5f5ac09e0 [nranks=2] stream 0x55d5f4d50b60
mew0:65704:65704 [0] NCCL INFO AllReduce: opCount 0 sendbuff 0xd20000000 recvbuff 0xf20000000 count 16777216 datatype 7 op 0 root 0 comm 0x55d5f5bca580 [nranks=2] stream 0x55d5f5ab57f0
mew0:65704:65704 [0] NCCL INFO AllReduce: 67108864 Bytes -> Algo RING proto SIMPLE channel{Lo..Hi}={0..1}
mew0:65704:65704 [0] NCCL INFO AllReduce: opCount 0 sendbuff 0x720000000 recvbuff 0x920000000 count 33554432 datatype 7 op 0 root 0 comm 0x55d5f5ac09e0 [nranks=2] stream 0x55d5f4d50b60
mew0:65704:65704 [0] NCCL INFO AllReduce: opCount 0 sendbuff 0xd20000000 recvbuff 0xf20000000 count 33554432 datatype 7 op 0 root 0 comm 0x55d5f5bca580 [nranks=2] stream 0x55d5f5ab57f0
mew0:65704:65704 [0] NCCL INFO AllReduce: 134217728 Bytes -> Algo RING proto SIMPLE channel{Lo..Hi}={0..1}
mew0:65704:65704 [0] NCCL INFO AllReduce: opCount 0 sendbuff 0x720000000 recvbuff 0x920000000 count 67108864 datatype 7 op 0 root 0 comm 0x55d5f5ac09e0 [nranks=2] stream 0x55d5f4d50b60
mew0:65704:65704 [0] NCCL INFO AllReduce: opCount 0 sendbuff 0xd20000000 recvbuff 0xf20000000 count 67108864 datatype 7 op 0 root 0 comm 0x55d5f5bca580 [nranks=2] stream 0x55d5f5ab57f0
mew0:65704:65704 [0] NCCL INFO AllReduce: 268435456 Bytes -> Algo RING proto SIMPLE channel{Lo..Hi}={0..1}
mew0:65704:65704 [0] NCCL INFO AllReduce: opCount 0 sendbuff 0x720000000 recvbuff 0x920000000 count 134217728 datatype 7 op 0 root 0 comm 0x55d5f5ac09e0 [nranks=2] stream 0x55d5f4d50b60
mew0:65704:65704 [0] NCCL INFO AllReduce: opCount 0 sendbuff 0xd20000000 recvbuff 0xf20000000 count 134217728 datatype 7 op 0 root 0 comm 0x55d5f5bca580 [nranks=2] stream 0x55d5f5ab57f0
mew0:65704:65704 [0] NCCL INFO AllReduce: 536870912 Bytes -> Algo RING proto SIMPLE channel{Lo..Hi}={0..1}
mew0:65704:65704 [0] NCCL INFO AllReduce: opCount 0 sendbuff 0x720000000 recvbuff 0x920000000 count 268435456 datatype 7 op 0 root 0 comm 0x55d5f5ac09e0 [nranks=2] stream 0x55d5f4d50b60
mew0:65704:65704 [0] NCCL INFO AllReduce: opCount 0 sendbuff 0xd20000000 recvbuff 0xf20000000 count 268435456 datatype 7 op 0 root 0 comm 0x55d5f5bca580 [nranks=2] stream 0x55d5f5ab57f0
mew0:65704:65704 [0] NCCL INFO AllReduce: 1073741824 Bytes -> Algo RING proto SIMPLE channel{Lo..Hi}={0..1}
mew0:65704:65704 [0] NCCL INFO AllReduce: opCount 0 sendbuff 0x720000000 recvbuff 0x920000000 count 536870912 datatype 7 op 0 root 0 comm 0x55d5f5ac09e0 [nranks=2] stream 0x55d5f4d50b60
mew0:65704:65704 [0] NCCL INFO AllReduce: opCount 0 sendbuff 0xd20000000 recvbuff 0xf20000000 count 536870912 datatype 7 op 0 root 0 comm 0x55d5f5bca580 [nranks=2] stream 0x55d5f5ab57f0
mew0:65704:65704 [0] NCCL INFO AllReduce: 2147483648 Bytes -> Algo RING proto SIMPLE channel{Lo..Hi}={0..1}
mew0:65704:65704 [0] NCCL INFO AllReduce: opCount 0 sendbuff 0x720000000 recvbuff 0x920000000 count 1073741824 datatype 7 op 0 root 0 comm 0x55d5f5ac09e0 [nranks=2] stream 0x55d5f4d50b60
mew0:65704:65704 [0] NCCL INFO AllReduce: opCount 0 sendbuff 0xd20000000 recvbuff 0xf20000000 count 1073741824 datatype 7 op 0 root 0 comm 0x55d5f5bca580 [nranks=2] stream 0x55d5f5ab57f0
mew0:65704:65704 [0] NCCL INFO AllReduce: 4294967296 Bytes -> Algo RING proto SIMPLE channel{Lo..Hi}={0..1}
mew0:65704:65704 [0] NCCL INFO AllReduce: opCount 0 sendbuff 0x720000000 recvbuff 0x920000000 count 2147483648 datatype 7 op 0 root 0 comm 0x55d5f5ac09e0 [nranks=2] stream 0x55d5f4d50b60
mew0:65704:65704 [0] NCCL INFO AllReduce: opCount 0 sendbuff 0xd20000000 recvbuff 0xf20000000 count 2147483648 datatype 7 op 0 root 0 comm 0x55d5f5bca580 [nranks=2] stream 0x55d5f5ab57f0
mew0:65704:65704 [0] NCCL INFO AllReduce: 8589934592 Bytes -> Algo RING proto SIMPLE channel{Lo..Hi}={0..1}
     8388608       2097152     float     sum      -1mew0:65704:65704 [1] NCCL INFO AllReduce: opCount 0 sendbuff 0x720000000 recvbuff 0x920000000 count 2097152 datatype 7 op 0 root 0 comm 0x55d5f5ac09e0 [nranks=2] stream 0x55d5f4d50b60
mew0:65704:65704 [1] NCCL INFO AllReduce: opCount 0 sendbuff 0xd20000000 recvbuff 0xf20000000 count 2097152 datatype 7 op 0 root 0 comm 0x55d5f5bca580 [nranks=2] stream 0x55d5f5ab57f0
mew0:65704:65704 [0] NCCL INFO AllReduce: 8388608 Bytes -> Algo RING proto SIMPLE channel{Lo..Hi}={0..1}
mew0:65704:65704 [1] NCCL INFO AllReduce: opCount 0 sendbuff 0x720000000 recvbuff 0x920000000 count 2097152 datatype 7 op 0 root 0 comm 0x55d5f5ac09e0 [nranks=2] stream 0x55d5f4d50b60
mew0:65704:65704 [1] NCCL INFO AllReduce: opCount 0 sendbuff 0xd20000000 recvbuff 0xf20000000 count 2097152 datatype 7 op 0 root 0 comm 0x55d5f5bca580 [nranks=2] stream 0x55d5f5ab57f0
mew0:65704:65704 [0] NCCL INFO AllReduce: 8388608 Bytes -> Algo RING proto SIMPLE channel{Lo..Hi}={0..1}
mew0:65704:65704 [1] NCCL INFO AllReduce: opCount 0 sendbuff 0x720800000 recvbuff 0x920800000 count 2097152 datatype 7 op 0 root 0 comm 0x55d5f5ac09e0 [nranks=2] stream 0x55d5f4d50b60
mew0:65704:65704 [1] NCCL INFO AllReduce: opCount 0 sendbuff 0xd20800000 recvbuff 0xf20800000 count 2097152 datatype 7 op 0 root 0 comm 0x55d5f5bca580 [nranks=2] stream 0x55d5f5ab57f0
mew0:65704:65704 [0] NCCL INFO AllReduce: 8388608 Bytes -> Algo RING proto SIMPLE channel{Lo..Hi}={0..1}
mew0:65704:65704 [1] NCCL INFO AllReduce: opCount 0 sendbuff 0x721000000 recvbuff 0x921000000 count 2097152 datatype 7 op 0 root 0 comm 0x55d5f5ac09e0 [nranks=2] stream 0x55d5f4d50b60
mew0:65704:65704 [1] NCCL INFO AllReduce: opCount 0 sendbuff 0xd21000000 recvbuff 0xf21000000 count 2097152 datatype 7 op 0 root 0 comm 0x55d5f5bca580 [nranks=2] stream 0x55d5f5ab57f0
mew0:65704:65704 [0] NCCL INFO AllReduce: 8388608 Bytes -> Algo RING proto SIMPLE channel{Lo..Hi}={0..1}
mew0:65704:65704 [1] NCCL INFO AllReduce: opCount 0 sendbuff 0x721800000 recvbuff 0x921800000 count 2097152 datatype 7 op 0 root 0 comm 0x55d5f5ac09e0 [nranks=2] stream 0x55d5f4d50b60
mew0:65704:65704 [1] NCCL INFO AllReduce: opCount 0 sendbuff 0xd21800000 recvbuff 0xf21800000 count 2097152 datatype 7 op 0 root 0 comm 0x55d5f5bca580 [nranks=2] stream 0x55d5f5ab57f0
mew0:65704:65704 [0] NCCL INFO AllReduce: 8388608 Bytes -> Algo RING proto SIMPLE channel{Lo..Hi}={0..1}
mew0:65704:65704 [1] NCCL INFO AllReduce: opCount 0 sendbuff 0x722000000 recvbuff 0x922000000 count 2097152 datatype 7 op 0 root 0 comm 0x55d5f5ac09e0 [nranks=2] stream 0x55d5f4d50b60
mew0:65704:65704 [1] NCCL INFO AllReduce: opCount 0 sendbuff 0xd22000000 recvbuff 0xf22000000 count 2097152 datatype 7 op 0 root 0 comm 0x55d5f5bca580 [nranks=2] stream 0x55d5f5ab57f0
mew0:65704:65704 [0] NCCL INFO AllReduce: 8388608 Bytes -> Algo RING proto SIMPLE channel{Lo..Hi}={0..1}
mew0:65704:65704 [1] NCCL INFO AllReduce: opCount 0 sendbuff 0x722800000 recvbuff 0x922800000 count 2097152 datatype 7 op 0 root 0 comm 0x55d5f5ac09e0 [nranks=2] stream 0x55d5f4d50b60
mew0:65704:65704 [1] NCCL INFO AllReduce: opCount 0 sendbuff 0xd22800000 recvbuff 0xf22800000 count 2097152 datatype 7 op 0 root 0 comm 0x55d5f5bca580 [nranks=2] stream 0x55d5f5ab57f0
mew0:65704:65704 [0] NCCL INFO AllReduce: 8388608 Bytes -> Algo RING proto SIMPLE channel{Lo..Hi}={0..1}
mew0:65704:65704 [1] NCCL INFO AllReduce: opCount 0 sendbuff 0x723000000 recvbuff 0x923000000 count 2097152 datatype 7 op 0 root 0 comm 0x55d5f5ac09e0 [nranks=2] stream 0x55d5f4d50b60
mew0:65704:65704 [1] NCCL INFO AllReduce: opCount 0 sendbuff 0xd23000000 recvbuff 0xf23000000 count 2097152 datatype 7 op 0 root 0 comm 0x55d5f5bca580 [nranks=2] stream 0x55d5f5ab57f0
mew0:65704:65704 [0] NCCL INFO AllReduce: 8388608 Bytes -> Algo RING proto SIMPLE channel{Lo..Hi}={0..1}
mew0:65704:65704 [1] NCCL INFO AllReduce: opCount 0 sendbuff 0x723800000 recvbuff 0x923800000 count 2097152 datatype 7 op 0 root 0 comm 0x55d5f5ac09e0 [nranks=2] stream 0x55d5f4d50b60
mew0:65704:65704 [1] NCCL INFO AllReduce: opCount 0 sendbuff 0xd23800000 recvbuff 0xf23800000 count 2097152 datatype 7 op 0 root 0 comm 0x55d5f5bca580 [nranks=2] stream 0x55d5f5ab57f0
mew0:65704:65704 [0] NCCL INFO AllReduce: 8388608 Bytes -> Algo RING proto SIMPLE channel{Lo..Hi}={0..1}
mew0:65704:65704 [1] NCCL INFO AllReduce: opCount 0 sendbuff 0x724000000 recvbuff 0x924000000 count 2097152 datatype 7 op 0 root 0 comm 0x55d5f5ac09e0 [nranks=2] stream 0x55d5f4d50b60
mew0:65704:65704 [1] NCCL INFO AllReduce: opCount 0 sendbuff 0xd24000000 recvbuff 0xf24000000 count 2097152 datatype 7 op 0 root 0 comm 0x55d5f5bca580 [nranks=2] stream 0x55d5f5ab57f0
mew0:65704:65704 [0] NCCL INFO AllReduce: 8388608 Bytes -> Algo RING proto SIMPLE channel{Lo..Hi}={0..1}
mew0:65704:65704 [1] NCCL INFO AllReduce: opCount 0 sendbuff 0x724800000 recvbuff 0x924800000 count 2097152 datatype 7 op 0 root 0 comm 0x55d5f5ac09e0 [nranks=2] stream 0x55d5f4d50b60
mew0:65704:65704 [1] NCCL INFO AllReduce: opCount 0 sendbuff 0xd24800000 recvbuff 0xf24800000 count 2097152 datatype 7 op 0 root 0 comm 0x55d5f5bca580 [nranks=2] stream 0x55d5f5ab57f0
mew0:65704:65704 [0] NCCL INFO AllReduce: 8388608 Bytes -> Algo RING proto SIMPLE channel{Lo..Hi}={0..1}
mew0:65704:65704 [1] NCCL INFO AllReduce: opCount 0 sendbuff 0x725000000 recvbuff 0x925000000 count 2097152 datatype 7 op 0 root 0 comm 0x55d5f5ac09e0 [nranks=2] stream 0x55d5f4d50b60
mew0:65704:65704 [1] NCCL INFO AllReduce: opCount 0 sendbuff 0xd25000000 recvbuff 0xf25000000 count 2097152 datatype 7 op 0 root 0 comm 0x55d5f5bca580 [nranks=2] stream 0x55d5f5ab57f0
mew0:65704:65704 [0] NCCL INFO AllReduce: 8388608 Bytes -> Algo RING proto SIMPLE channel{Lo..Hi}={0..1}
mew0:65704:65704 [1] NCCL INFO AllReduce: opCount 0 sendbuff 0x725800000 recvbuff 0x925800000 count 2097152 datatype 7 op 0 root 0 comm 0x55d5f5ac09e0 [nranks=2] stream 0x55d5f4d50b60
mew0:65704:65704 [1] NCCL INFO AllReduce: opCount 0 sendbuff 0xd25800000 recvbuff 0xf25800000 count 2097152 datatype 7 op 0 root 0 comm 0x55d5f5bca580 [nranks=2] stream 0x55d5f5ab57f0
mew0:65704:65704 [0] NCCL INFO AllReduce: 8388608 Bytes -> Algo RING proto SIMPLE channel{Lo..Hi}={0..1}
mew0:65704:65704 [1] NCCL INFO AllReduce: opCount 0 sendbuff 0x726000000 recvbuff 0x926000000 count 2097152 datatype 7 op 0 root 0 comm 0x55d5f5ac09e0 [nranks=2] stream 0x55d5f4d50b60
mew0:65704:65704 [1] NCCL INFO AllReduce: opCount 0 sendbuff 0xd26000000 recvbuff 0xf26000000 count 2097152 datatype 7 op 0 root 0 comm 0x55d5f5bca580 [nranks=2] stream 0x55d5f5ab57f0
mew0:65704:65704 [0] NCCL INFO AllReduce: 8388608 Bytes -> Algo RING proto SIMPLE channel{Lo..Hi}={0..1}
mew0:65704:65704 [1] NCCL INFO AllReduce: opCount 0 sendbuff 0x726800000 recvbuff 0x926800000 count 2097152 datatype 7 op 0 root 0 comm 0x55d5f5ac09e0 [nranks=2] stream 0x55d5f4d50b60
mew0:65704:65704 [1] NCCL INFO AllReduce: opCount 0 sendbuff 0xd26800000 recvbuff 0xf26800000 count 2097152 datatype 7 op 0 root 0 comm 0x55d5f5bca580 [nranks=2] stream 0x55d5f5ab57f0
mew0:65704:65704 [0] NCCL INFO AllReduce: 8388608 Bytes -> Algo RING proto SIMPLE channel{Lo..Hi}={0..1}
mew0:65704:65704 [1] NCCL INFO AllReduce: opCount 0 sendbuff 0x727000000 recvbuff 0x927000000 count 2097152 datatype 7 op 0 root 0 comm 0x55d5f5ac09e0 [nranks=2] stream 0x55d5f4d50b60
mew0:65704:65704 [1] NCCL INFO AllReduce: opCount 0 sendbuff 0xd27000000 recvbuff 0xf27000000 count 2097152 datatype 7 op 0 root 0 comm 0x55d5f5bca580 [nranks=2] stream 0x55d5f5ab57f0
mew0:65704:65704 [0] NCCL INFO AllReduce: 8388608 Bytes -> Algo RING proto SIMPLE channel{Lo..Hi}={0..1}
mew0:65704:65704 [1] NCCL INFO AllReduce: opCount 0 sendbuff 0x727800000 recvbuff 0x927800000 count 2097152 datatype 7 op 0 root 0 comm 0x55d5f5ac09e0 [nranks=2] stream 0x55d5f4d50b60
mew0:65704:65704 [1] NCCL INFO AllReduce: opCount 0 sendbuff 0xd27800000 recvbuff 0xf27800000 count 2097152 datatype 7 op 0 root 0 comm 0x55d5f5bca580 [nranks=2] stream 0x55d5f5ab57f0
mew0:65704:65704 [0] NCCL INFO AllReduce: 8388608 Bytes -> Algo RING proto SIMPLE channel{Lo..Hi}={0..1}
mew0:65704:65704 [1] NCCL INFO AllReduce: opCount 0 sendbuff 0x728000000 recvbuff 0x928000000 count 2097152 datatype 7 op 0 root 0 comm 0x55d5f5ac09e0 [nranks=2] stream 0x55d5f4d50b60
mew0:65704:65704 [1] NCCL INFO AllReduce: opCount 0 sendbuff 0xd28000000 recvbuff 0xf28000000 count 2097152 datatype 7 op 0 root 0 comm 0x55d5f5bca580 [nranks=2] stream 0x55d5f5ab57f0
mew0:65704:65704 [0] NCCL INFO AllReduce: 8388608 Bytes -> Algo RING proto SIMPLE channel{Lo..Hi}={0..1}
mew0:65704:65704 [1] NCCL INFO AllReduce: opCount 0 sendbuff 0x728800000 recvbuff 0x928800000 count 2097152 datatype 7 op 0 root 0 comm 0x55d5f5ac09e0 [nranks=2] stream 0x55d5f4d50b60
mew0:65704:65704 [1] NCCL INFO AllReduce: opCount 0 sendbuff 0xd28800000 recvbuff 0xf28800000 count 2097152 datatype 7 op 0 root 0 comm 0x55d5f5bca580 [nranks=2] stream 0x55d5f5ab57f0
mew0:65704:65704 [0] NCCL INFO AllReduce: 8388608 Bytes -> Algo RING proto SIMPLE channel{Lo..Hi}={0..1}
mew0:65704:65704 [1] NCCL INFO AllReduce: opCount 0 sendbuff 0x729000000 recvbuff 0x929000000 count 2097152 datatype 7 op 0 root 0 comm 0x55d5f5ac09e0 [nranks=2] stream 0x55d5f4d50b60
mew0:65704:65704 [1] NCCL INFO AllReduce: opCount 0 sendbuff 0xd29000000 recvbuff 0xf29000000 count 2097152 datatype 7 op 0 root 0 comm 0x55d5f5bca580 [nranks=2] stream 0x55d5f5ab57f0
mew0:65704:65704 [0] NCCL INFO AllReduce: 8388608 Bytes -> Algo RING proto SIMPLE channel{Lo..Hi}={0..1}
mew0:65704:65704 [1] NCCL INFO AllReduce: opCount 0 sendbuff 0x729800000 recvbuff 0x929800000 count 2097152 datatype 7 op 0 root 0 comm 0x55d5f5ac09e0 [nranks=2] stream 0x55d5f4d50b60
mew0:65704:65704 [1] NCCL INFO AllReduce: opCount 0 sendbuff 0xd29800000 recvbuff 0xf29800000 count 2097152 datatype 7 op 0 root 0 comm 0x55d5f5bca580 [nranks=2] stream 0x55d5f5ab57f0
mew0:65704:65704 [0] NCCL INFO AllReduce: 8388608 Bytes -> Algo RING proto SIMPLE channel{Lo..Hi}={0..1}
mew0:65704:65704 [1] NCCL INFO AllReduce: opCount 0 sendbuff 0x720000000 recvbuff 0x920000000 count 2097152 datatype 7 op 0 root 0 comm 0x55d5f5ac09e0 [nranks=2] stream 0x55d5f4d50b60
mew0:65704:65704 [1] NCCL INFO AllReduce: opCount 0 sendbuff 0xd20000000 recvbuff 0xf20000000 count 2097152 datatype 7 op 0 root 0 comm 0x55d5f5bca580 [nranks=2] stream 0x55d5f5ab57f0
mew0:65704:65704 [0] NCCL INFO AllReduce: 8388608 Bytes -> Algo RING proto SIMPLE channel{Lo..Hi}={0..1}
    314.7   26.66   26.66      0mew0:65704:65704 [1] NCCL INFO AllReduce: opCount 0 sendbuff 0x920000000 recvbuff 0x920000000 count 2097152 datatype 7 op 0 root 0 comm 0x55d5f5ac09e0 [nranks=2] stream 0x55d5f4d50b60
mew0:65704:65704 [1] NCCL INFO AllReduce: opCount 0 sendbuff 0xf20000000 recvbuff 0xf20000000 count 2097152 datatype 7 op 0 root 0 comm 0x55d5f5bca580 [nranks=2] stream 0x55d5f5ab57f0
mew0:65704:65704 [0] NCCL INFO AllReduce: 8388608 Bytes -> Algo RING proto SIMPLE channel{Lo..Hi}={0..1}
mew0:65704:65704 [1] NCCL INFO AllReduce: opCount 0 sendbuff 0x920000000 recvbuff 0x920000000 count 2097152 datatype 7 op 0 root 0 comm 0x55d5f5ac09e0 [nranks=2] stream 0x55d5f4d50b60
mew0:65704:65704 [1] NCCL INFO AllReduce: opCount 0 sendbuff 0xf20000000 recvbuff 0xf20000000 count 2097152 datatype 7 op 0 root 0 comm 0x55d5f5bca580 [nranks=2] stream 0x55d5f5ab57f0
mew0:65704:65704 [0] NCCL INFO AllReduce: 8388608 Bytes -> Algo RING proto SIMPLE channel{Lo..Hi}={0..1}
mew0:65704:65704 [1] NCCL INFO AllReduce: opCount 0 sendbuff 0x920800000 recvbuff 0x920800000 count 2097152 datatype 7 op 0 root 0 comm 0x55d5f5ac09e0 [nranks=2] stream 0x55d5f4d50b60
mew0:65704:65704 [1] NCCL INFO AllReduce: opCount 0 sendbuff 0xf20800000 recvbuff 0xf20800000 count 2097152 datatype 7 op 0 root 0 comm 0x55d5f5bca580 [nranks=2] stream 0x55d5f5ab57f0
mew0:65704:65704 [0] NCCL INFO AllReduce: 8388608 Bytes -> Algo RING proto SIMPLE channel{Lo..Hi}={0..1}
mew0:65704:65704 [1] NCCL INFO AllReduce: opCount 0 sendbuff 0x921000000 recvbuff 0x921000000 count 2097152 datatype 7 op 0 root 0 comm 0x55d5f5ac09e0 [nranks=2] stream 0x55d5f4d50b60
mew0:65704:65704 [1] NCCL INFO AllReduce: opCount 0 sendbuff 0xf21000000 recvbuff 0xf21000000 count 2097152 datatype 7 op 0 root 0 comm 0x55d5f5bca580 [nranks=2] stream 0x55d5f5ab57f0
mew0:65704:65704 [0] NCCL INFO AllReduce: 8388608 Bytes -> Algo RING proto SIMPLE channel{Lo..Hi}={0..1}
mew0:65704:65704 [1] NCCL INFO AllReduce: opCount 0 sendbuff 0x921800000 recvbuff 0x921800000 count 2097152 datatype 7 op 0 root 0 comm 0x55d5f5ac09e0 [nranks=2] stream 0x55d5f4d50b60
mew0:65704:65704 [1] NCCL INFO AllReduce: opCount 0 sendbuff 0xf21800000 recvbuff 0xf21800000 count 2097152 datatype 7 op 0 root 0 comm 0x55d5f5bca580 [nranks=2] stream 0x55d5f5ab57f0
mew0:65704:65704 [0] NCCL INFO AllReduce: 8388608 Bytes -> Algo RING proto SIMPLE channel{Lo..Hi}={0..1}
mew0:65704:65704 [1] NCCL INFO AllReduce: opCount 0 sendbuff 0x922000000 recvbuff 0x922000000 count 2097152 datatype 7 op 0 root 0 comm 0x55d5f5ac09e0 [nranks=2] stream 0x55d5f4d50b60
mew0:65704:65704 [1] NCCL INFO AllReduce: opCount 0 sendbuff 0xf22000000 recvbuff 0xf22000000 count 2097152 datatype 7 op 0 root 0 comm 0x55d5f5bca580 [nranks=2] stream 0x55d5f5ab57f0
mew0:65704:65704 [0] NCCL INFO AllReduce: 8388608 Bytes -> Algo RING proto SIMPLE channel{Lo..Hi}={0..1}
mew0:65704:65704 [1] NCCL INFO AllReduce: opCount 0 sendbuff 0x922800000 recvbuff 0x922800000 count 2097152 datatype 7 op 0 root 0 comm 0x55d5f5ac09e0 [nranks=2] stream 0x55d5f4d50b60
mew0:65704:65704 [1] NCCL INFO AllReduce: opCount 0 sendbuff 0xf22800000 recvbuff 0xf22800000 count 2097152 datatype 7 op 0 root 0 comm 0x55d5f5bca580 [nranks=2] stream 0x55d5f5ab57f0
mew0:65704:65704 [0] NCCL INFO AllReduce: 8388608 Bytes -> Algo RING proto SIMPLE channel{Lo..Hi}={0..1}
mew0:65704:65704 [1] NCCL INFO AllReduce: opCount 0 sendbuff 0x923000000 recvbuff 0x923000000 count 2097152 datatype 7 op 0 root 0 comm 0x55d5f5ac09e0 [nranks=2] stream 0x55d5f4d50b60
mew0:65704:65704 [1] NCCL INFO AllReduce: opCount 0 sendbuff 0xf23000000 recvbuff 0xf23000000 count 2097152 datatype 7 op 0 root 0 comm 0x55d5f5bca580 [nranks=2] stream 0x55d5f5ab57f0
mew0:65704:65704 [0] NCCL INFO AllReduce: 8388608 Bytes -> Algo RING proto SIMPLE channel{Lo..Hi}={0..1}
mew0:65704:65704 [1] NCCL INFO AllReduce: opCount 0 sendbuff 0x923800000 recvbuff 0x923800000 count 2097152 datatype 7 op 0 root 0 comm 0x55d5f5ac09e0 [nranks=2] stream 0x55d5f4d50b60
mew0:65704:65704 [1] NCCL INFO AllReduce: opCount 0 sendbuff 0xf23800000 recvbuff 0xf23800000 count 2097152 datatype 7 op 0 root 0 comm 0x55d5f5bca580 [nranks=2] stream 0x55d5f5ab57f0
mew0:65704:65704 [0] NCCL INFO AllReduce: 8388608 Bytes -> Algo RING proto SIMPLE channel{Lo..Hi}={0..1}
mew0:65704:65704 [1] NCCL INFO AllReduce: opCount 0 sendbuff 0x924000000 recvbuff 0x924000000 count 2097152 datatype 7 op 0 root 0 comm 0x55d5f5ac09e0 [nranks=2] stream 0x55d5f4d50b60
mew0:65704:65704 [1] NCCL INFO AllReduce: opCount 0 sendbuff 0xf24000000 recvbuff 0xf24000000 count 2097152 datatype 7 op 0 root 0 comm 0x55d5f5bca580 [nranks=2] stream 0x55d5f5ab57f0
mew0:65704:65704 [0] NCCL INFO AllReduce: 8388608 Bytes -> Algo RING proto SIMPLE channel{Lo..Hi}={0..1}
